<html>
<body>
<pre>
<h1>µVision Build Log</h1>
<h2>Tool Versions:</h2>
IDE-Version: ¦ÌVision V5.27.1.0
Copyright (C) 2019 ARM Ltd and ARM Germany GmbH. All rights reserved.
License Information: Mel rose, aaaa, LIC=RC93N-Y40EL-ARTXW-Q89XQ-K4DUY-JZSVX
 
Tool Versions:
Toolchain:       MDK-ARM Plus  Version: 5.26.2.0
Toolchain Path:  D:\keil526\ARM\ARMCC\Bin
C Compiler:      Armcc.exe V5.06 update 6 (build 750)
Assembler:       Armasm.exe V5.06 update 6 (build 750)
Linker/Locator:  ArmLink.exe V5.06 update 6 (build 750)
Library Manager: ArmAr.exe V5.06 update 6 (build 750)
Hex Converter:   FromElf.exe V5.06 update 6 (build 750)
CPU DLL:         SARMCM3.DLL V5.26.2.0
Dialog DLL:      DCM.DLL V1.17.2.0
Target DLL:      CMSIS_AGDI.dll V1.30.6.0
Dialog DLL:      TCM.DLL V1.36.1.0
 
<h2>Project:</h2>
D:\stm32_project\STM32G431\Analog_alavator\MDK-ARM\Analog_alavator.uvprojx
Project File Date:  02/14/2022

<h2>Output:</h2>
*** Using Compiler 'V5.06 update 6 (build 750)', folder: 'D:\keil526\ARM\ARMCC\Bin'
Build target 'Analog_alavator'
compiling ctrl.c...
../Core/Inc/led.h(15): warning:  #1295-D: Deprecated declaration LEDx_UPflow - give arg types
  void LEDx_UPflow();
../Core/Inc/led.h(16): warning:  #1295-D: Deprecated declaration LEDx_Downflow - give arg types
  void LEDx_Downflow();
../Core/Inc/ctrl.h(42): warning:  #1295-D: Deprecated declaration Opened_to_Next - give arg types
  void Opened_to_Next();
../Core/Inc/ctrl.h(43): warning:  #1295-D: Deprecated declaration Waiting_to_closing - give arg types
  void Waiting_to_closing();
../Core/Inc/ctrl.h(44): warning:  #1295-D: Deprecated declaration Closing_to_Closed - give arg types
  void Closing_to_Closed();
../Core/Inc/ctrl.h(45): warning:  #1295-D: Deprecated declaration Closed_to_next - give arg types
  void Closed_to_next();
../Core/Inc/ctrl.h(46): warning:  #1295-D: Deprecated declaration Up_to_Arrived - give arg types
  void Up_to_Arrived();
../Core/Inc/ctrl.h(47): warning:  #1295-D: Deprecated declaration Down_to_Arrived - give arg types
  void Down_to_Arrived();
../Core/Inc/ctrl.h(48): warning:  #1295-D: Deprecated declaration Arrived_to_Opening - give arg types
  void Arrived_to_Opening();
../Core/Inc/ctrl.h(49): warning:  #1295-D: Deprecated declaration Opening_to_Opened - give arg types
  void Opening_to_Opened();
../Core/Inc/ctrl.h(53): warning:  #1295-D: Deprecated declaration Find_max - give arg types
  uint8_t Find_max();
../Core/Inc/ctrl.h(54): warning:  #1295-D: Deprecated declaration Find_min - give arg types
  uint8_t Find_min();
../Core/Inc/ctrl.h(56): warning:  #1295-D: Deprecated declaration main_logic - give arg types
  void main_logic();
../Core/Inc/ctrl.h(57): warning:  #1295-D: Deprecated declaration Time_Handler - give arg types
  void Time_Handler();
../Core/Inc/ctrl.h(58): warning:  #1295-D: Deprecated declaration Key_stop_handler - give arg types
  void Key_stop_handler();
..\Core\Src\ctrl.c(142): warning:  #177-D: variable "press_interval"  was declared but never referenced
  	static uint16_t press_interval = 0;
..\Core\Src\ctrl.c(296): warning:  #223-D: function "sprintf" declared implicitly
  	sprintf(buffer, "  last state:%d  ",Info.Last_state);
..\Core\Src\ctrl.c(318): warning:  #223-D: function "sprintf" declared implicitly
  	sprintf(buffer, "      %d      ",Info.current_floor);
..\Core\Src\ctrl.c: 18 warnings, 0 errors
linking...
Program Size: Code=7132 RO-data=5080 RW-data=160 ZI-data=1056  
FromELF: creating hex file...
"Analog_alavator\Analog_alavator.axf" - 0 Error(s), 18 Warning(s).

<h2>Software Packages used:</h2>

Package Vendor: ARM
                http://www.keil.com/pack/ARM.CMSIS.5.4.0.pack
                ARM.CMSIS.5.4.0
                CMSIS (Cortex Microcontroller Software Interface Standard)
   * Component: CORE Version: 5.1.2

Package Vendor: Keil
                http://www.keil.com/pack/Keil.STM32G4xx_DFP.1.4.0.pack
                Keil.STM32G4xx_DFP.1.4.0
                STMicroelectronics STM32G4 Series Device Support, Drivers and Examples

<h2>Collection of Component include folders:</h2>
  .\RTE\_Analog_alavator
  D:\keil526\ARM\PACK\ARM\CMSIS\5.4.0\CMSIS\Core\Include
  D:\keil526\ARM\PACK\Keil\STM32G4xx_DFP\1.4.0\Drivers\CMSIS\Device\ST\STM32G4xx\Include

<h2>Collection of Component Files used:</h2>

   * Component: ARM::CMSIS:CORE:5.1.2
Build Time Elapsed:  00:00:03
</pre>
</body>
</html>
