Component: ARM Compiler 5.06 update 6 (build 750) Tool: armlink [4d35ed]

==============================================================================

Section Cross References

    startup_stm32g431xx.o(RESET) refers to startup_stm32g431xx.o(STACK) for __initial_sp
    startup_stm32g431xx.o(RESET) refers to startup_stm32g431xx.o(.text) for Reset_Handler
    startup_stm32g431xx.o(RESET) refers to stm32g4xx_it.o(i.NMI_Handler) for NMI_Handler
    startup_stm32g431xx.o(RESET) refers to stm32g4xx_it.o(i.HardFault_Handler) for HardFault_Handler
    startup_stm32g431xx.o(RESET) refers to stm32g4xx_it.o(i.MemManage_Handler) for MemManage_Handler
    startup_stm32g431xx.o(RESET) refers to stm32g4xx_it.o(i.BusFault_Handler) for BusFault_Handler
    startup_stm32g431xx.o(RESET) refers to stm32g4xx_it.o(i.UsageFault_Handler) for UsageFault_Handler
    startup_stm32g431xx.o(RESET) refers to stm32g4xx_it.o(i.SVC_Handler) for SVC_Handler
    startup_stm32g431xx.o(RESET) refers to stm32g4xx_it.o(i.DebugMon_Handler) for DebugMon_Handler
    startup_stm32g431xx.o(RESET) refers to stm32g4xx_it.o(i.PendSV_Handler) for PendSV_Handler
    startup_stm32g431xx.o(RESET) refers to stm32g4xx_it.o(i.SysTick_Handler) for SysTick_Handler
    startup_stm32g431xx.o(.text) refers to system_stm32g4xx.o(i.SystemInit) for SystemInit
    startup_stm32g431xx.o(.text) refers to entry.o(.ARM.Collect$$$$00000000) for __main
    key.o(i.Check) refers to stm32g4xx_hal_gpio.o(i.HAL_GPIO_ReadPin) for HAL_GPIO_ReadPin
    key.o(i.Check) refers to key.o(.data) for .data
    key.o(i.Check_All) refers to key.o(i.Check) for Check
    key.o(i.press_hold) refers to key.o(.data) for .data
    key.o(i.press_once) refers to key.o(.data) for .data
    lcd.o(i.LCD_BusIn) refers to memseta.o(.text) for __aeabi_memclr4
    lcd.o(i.LCD_BusIn) refers to stm32g4xx_hal_gpio.o(i.HAL_GPIO_Init) for HAL_GPIO_Init
    lcd.o(i.LCD_BusOut) refers to memseta.o(.text) for __aeabi_memclr4
    lcd.o(i.LCD_BusOut) refers to stm32g4xx_hal_gpio.o(i.HAL_GPIO_Init) for HAL_GPIO_Init
    lcd.o(i.LCD_Clear) refers to lcd.o(i.LCD_SetCursor) for LCD_SetCursor
    lcd.o(i.LCD_Clear) refers to lcd.o(i.LCD_WriteRAM_Prepare) for LCD_WriteRAM_Prepare
    lcd.o(i.LCD_Clear) refers to lcd.o(i.LCD_WriteRAM) for LCD_WriteRAM
    lcd.o(i.LCD_ClearLine) refers to lcd.o(i.LCD_DisplayStringLine) for LCD_DisplayStringLine
    lcd.o(i.LCD_CtrlLinesConfig) refers to memseta.o(.text) for __aeabi_memclr4
    lcd.o(i.LCD_CtrlLinesConfig) refers to stm32g4xx_hal_gpio.o(i.HAL_GPIO_Init) for HAL_GPIO_Init
    lcd.o(i.LCD_CtrlLinesConfig) refers to lcd.o(i.LCD_BusOut) for LCD_BusOut
    lcd.o(i.LCD_DisplayChar) refers to lcd.o(i.LCD_DrawChar) for LCD_DrawChar
    lcd.o(i.LCD_DisplayChar) refers to lcd.o(.constdata) for .constdata
    lcd.o(i.LCD_DisplayOff) refers to lcd.o(i.LCD_WriteReg) for LCD_WriteReg
    lcd.o(i.LCD_DisplayOn) refers to lcd.o(i.LCD_WriteReg) for LCD_WriteReg
    lcd.o(i.LCD_DisplayStringLine) refers to lcd.o(i.LCD_DisplayChar) for LCD_DisplayChar
    lcd.o(i.LCD_DrawChar) refers to lcd.o(i.LCD_SetCursor) for LCD_SetCursor
    lcd.o(i.LCD_DrawChar) refers to lcd.o(i.LCD_WriteRAM_Prepare) for LCD_WriteRAM_Prepare
    lcd.o(i.LCD_DrawChar) refers to lcd.o(i.LCD_WriteRAM) for LCD_WriteRAM
    lcd.o(i.LCD_DrawChar) refers to lcd.o(.data) for .data
    lcd.o(i.LCD_DrawCircle) refers to lcd.o(i.LCD_SetCursor) for LCD_SetCursor
    lcd.o(i.LCD_DrawCircle) refers to lcd.o(i.LCD_WriteRAM_Prepare) for LCD_WriteRAM_Prepare
    lcd.o(i.LCD_DrawCircle) refers to lcd.o(i.LCD_WriteRAM) for LCD_WriteRAM
    lcd.o(i.LCD_DrawCircle) refers to lcd.o(.data) for .data
    lcd.o(i.LCD_DrawLine) refers to lcd.o(i.LCD_SetCursor) for LCD_SetCursor
    lcd.o(i.LCD_DrawLine) refers to lcd.o(i.LCD_WriteRAM_Prepare) for LCD_WriteRAM_Prepare
    lcd.o(i.LCD_DrawLine) refers to lcd.o(i.LCD_WriteRAM) for LCD_WriteRAM
    lcd.o(i.LCD_DrawLine) refers to lcd.o(.data) for .data
    lcd.o(i.LCD_DrawMonoPict) refers to lcd.o(i.LCD_SetCursor) for LCD_SetCursor
    lcd.o(i.LCD_DrawMonoPict) refers to lcd.o(i.LCD_WriteRAM_Prepare) for LCD_WriteRAM_Prepare
    lcd.o(i.LCD_DrawMonoPict) refers to lcd.o(i.LCD_WriteRAM) for LCD_WriteRAM
    lcd.o(i.LCD_DrawMonoPict) refers to lcd.o(.data) for .data
    lcd.o(i.LCD_DrawPicture) refers to lcd.o(i.LCD_SetCursor) for LCD_SetCursor
    lcd.o(i.LCD_DrawPicture) refers to lcd.o(i.LCD_WriteRAM_Prepare) for LCD_WriteRAM_Prepare
    lcd.o(i.LCD_DrawPicture) refers to lcd.o(i.LCD_WriteRAM) for LCD_WriteRAM
    lcd.o(i.LCD_DrawRect) refers to lcd.o(i.LCD_DrawLine) for LCD_DrawLine
    lcd.o(i.LCD_Init) refers to lcd.o(i.LCD_CtrlLinesConfig) for LCD_CtrlLinesConfig
    lcd.o(i.LCD_Init) refers to lcd.o(i.LCD_ReadReg) for LCD_ReadReg
    lcd.o(i.LCD_Init) refers to lcd.o(i.REG_932X_Init) for REG_932X_Init
    lcd.o(i.LCD_Init) refers to lcd.o(i.REG_8230_Init) for REG_8230_Init
    lcd.o(i.LCD_Init) refers to lcd.o(.data) for .data
    lcd.o(i.LCD_PowerOn) refers to lcd.o(i.LCD_WriteReg) for LCD_WriteReg
    lcd.o(i.LCD_PowerOn) refers to lcd.o(i.Delay_LCD) for Delay_LCD
    lcd.o(i.LCD_ReadRAM) refers to lcd.o(i.LCD_BusIn) for LCD_BusIn
    lcd.o(i.LCD_ReadRAM) refers to lcd.o(i.LCD_BusOut) for LCD_BusOut
    lcd.o(i.LCD_ReadReg) refers to lcd.o(i.LCD_BusIn) for LCD_BusIn
    lcd.o(i.LCD_ReadReg) refers to lcd.o(i.LCD_BusOut) for LCD_BusOut
    lcd.o(i.LCD_SetBackColor) refers to lcd.o(.data) for .data
    lcd.o(i.LCD_SetCursor) refers to lcd.o(i.LCD_WriteReg) for LCD_WriteReg
    lcd.o(i.LCD_SetDisplayWindow) refers to lcd.o(i.LCD_WriteReg) for LCD_WriteReg
    lcd.o(i.LCD_SetDisplayWindow) refers to lcd.o(i.LCD_SetCursor) for LCD_SetCursor
    lcd.o(i.LCD_SetTextColor) refers to lcd.o(.data) for .data
    lcd.o(i.LCD_WindowModeDisable) refers to lcd.o(i.LCD_SetDisplayWindow) for LCD_SetDisplayWindow
    lcd.o(i.LCD_WindowModeDisable) refers to lcd.o(i.LCD_WriteReg) for LCD_WriteReg
    lcd.o(i.LCD_WriteBMP) refers to lcd.o(i.LCD_WriteReg) for LCD_WriteReg
    lcd.o(i.LCD_WriteBMP) refers to lcd.o(i.LCD_WriteRAM_Prepare) for LCD_WriteRAM_Prepare
    lcd.o(i.LCD_WriteBMP) refers to lcd.o(i.LCD_WriteRAM) for LCD_WriteRAM
    lcd.o(i.REG_8230_Init) refers to lcd.o(i.LCD_WriteReg) for LCD_WriteReg
    lcd.o(i.REG_8230_Init) refers to lcd.o(i.Delay_LCD) for Delay_LCD
    lcd.o(i.REG_932X_Init) refers to lcd.o(i.LCD_WriteReg) for LCD_WriteReg
    lcd.o(i.REG_932X_Init) refers to stm32g4xx_hal.o(i.HAL_Delay) for HAL_Delay
    led.o(i.LED_All_Off) refers to led.o(i.Lock_on) for Lock_on
    led.o(i.LED_All_Off) refers to led.o(i.Lock_off) for Lock_off
    led.o(i.LEDx_Off) refers to led.o(i.Lock_on) for Lock_on
    led.o(i.LEDx_Off) refers to stm32g4xx_hal_gpio.o(i.HAL_GPIO_WritePin) for HAL_GPIO_WritePin
    led.o(i.LEDx_Off) refers to led.o(i.Lock_off) for Lock_off
    led.o(i.LEDx_Off) refers to led.o(.data) for .data
    led.o(i.LEDx_On) refers to led.o(i.Lock_on) for Lock_on
    led.o(i.LEDx_On) refers to stm32g4xx_hal_gpio.o(i.HAL_GPIO_WritePin) for HAL_GPIO_WritePin
    led.o(i.LEDx_On) refers to led.o(i.Lock_off) for Lock_off
    led.o(i.LEDx_On) refers to led.o(.data) for .data
    led.o(i.LEDx_Tuggle) refers to led.o(i.Lock_on) for Lock_on
    led.o(i.LEDx_Tuggle) refers to stm32g4xx_hal_gpio.o(i.HAL_GPIO_TogglePin) for HAL_GPIO_TogglePin
    led.o(i.LEDx_Tuggle) refers to led.o(i.Lock_off) for Lock_off
    led.o(i.LEDx_Tuggle) refers to led.o(.data) for .data
    led.o(i.Lock_off) refers to stm32g4xx_hal_gpio.o(i.HAL_GPIO_WritePin) for HAL_GPIO_WritePin
    led.o(i.Lock_on) refers to stm32g4xx_hal_gpio.o(i.HAL_GPIO_WritePin) for HAL_GPIO_WritePin
    main.o(i.SystemClock_Config) refers to memseta.o(.text) for __aeabi_memclr4
    main.o(i.SystemClock_Config) refers to stm32g4xx_hal_pwr_ex.o(i.HAL_PWREx_ControlVoltageScaling) for HAL_PWREx_ControlVoltageScaling
    main.o(i.SystemClock_Config) refers to stm32g4xx_hal_rcc.o(i.HAL_RCC_OscConfig) for HAL_RCC_OscConfig
    main.o(i.SystemClock_Config) refers to stm32g4xx_hal_rcc.o(i.HAL_RCC_ClockConfig) for HAL_RCC_ClockConfig
    main.o(i.main) refers to stm32g4xx_hal.o(i.HAL_Init) for HAL_Init
    main.o(i.main) refers to main.o(i.SystemClock_Config) for SystemClock_Config
    main.o(i.main) refers to gpio.o(i.MX_GPIO_Init) for MX_GPIO_Init
    main.o(i.main) refers to lcd.o(i.LCD_Init) for LCD_Init
    main.o(i.main) refers to lcd.o(i.LCD_Clear) for LCD_Clear
    main.o(i.main) refers to lcd.o(i.LCD_SetBackColor) for LCD_SetBackColor
    main.o(i.main) refers to lcd.o(i.LCD_SetTextColor) for LCD_SetTextColor
    main.o(i.main) refers to led.o(i.LED_All_Off) for LED_All_Off
    main.o(i.main) refers to led.o(i.LEDx_Tuggle) for LEDx_Tuggle
    main.o(i.main) refers to key.o(i.press_hold) for press_hold
    main.o(i.main) refers to lcd.o(i.LCD_DisplayStringLine) for LCD_DisplayStringLine
    main.o(i.main) refers to key.o(.data) for Key_Status
    gpio.o(i.MX_GPIO_Init) refers to memseta.o(.text) for __aeabi_memclr4
    gpio.o(i.MX_GPIO_Init) refers to stm32g4xx_hal_gpio.o(i.HAL_GPIO_WritePin) for HAL_GPIO_WritePin
    gpio.o(i.MX_GPIO_Init) refers to stm32g4xx_hal_gpio.o(i.HAL_GPIO_Init) for HAL_GPIO_Init
    stm32g4xx_it.o(i.SysTick_Handler) refers to key.o(i.Check_All) for Check_All
    stm32g4xx_it.o(i.SysTick_Handler) refers to stm32g4xx_hal.o(i.HAL_IncTick) for HAL_IncTick
    stm32g4xx_hal_msp.o(i.HAL_MspInit) refers to stm32g4xx_hal_pwr_ex.o(i.HAL_PWREx_DisableUCPDDeadBattery) for HAL_PWREx_DisableUCPDDeadBattery
    stm32g4xx_hal_pwr_ex.o(i.HAL_PWREx_ControlVoltageScaling) refers to system_stm32g4xx.o(.data) for SystemCoreClock
    stm32g4xx_hal_pwr_ex.o(i.HAL_PWREx_DisableLowPowerRunMode) refers to system_stm32g4xx.o(.data) for SystemCoreClock
    stm32g4xx_hal_pwr_ex.o(i.HAL_PWREx_PVD_PVM_IRQHandler) refers to stm32g4xx_hal_pwr.o(i.HAL_PWR_PVDCallback) for HAL_PWR_PVDCallback
    stm32g4xx_hal_pwr_ex.o(i.HAL_PWREx_PVD_PVM_IRQHandler) refers to stm32g4xx_hal_pwr_ex.o(i.HAL_PWREx_PVM1Callback) for HAL_PWREx_PVM1Callback
    stm32g4xx_hal_pwr_ex.o(i.HAL_PWREx_PVD_PVM_IRQHandler) refers to stm32g4xx_hal_pwr_ex.o(i.HAL_PWREx_PVM2Callback) for HAL_PWREx_PVM2Callback
    stm32g4xx_hal_pwr_ex.o(i.HAL_PWREx_PVD_PVM_IRQHandler) refers to stm32g4xx_hal_pwr_ex.o(i.HAL_PWREx_PVM3Callback) for HAL_PWREx_PVM3Callback
    stm32g4xx_hal_pwr_ex.o(i.HAL_PWREx_PVD_PVM_IRQHandler) refers to stm32g4xx_hal_pwr_ex.o(i.HAL_PWREx_PVM4Callback) for HAL_PWREx_PVM4Callback
    stm32g4xx_hal.o(i.HAL_DeInit) refers to stm32g4xx_hal.o(i.HAL_MspDeInit) for HAL_MspDeInit
    stm32g4xx_hal.o(i.HAL_Delay) refers to stm32g4xx_hal.o(i.HAL_GetTick) for HAL_GetTick
    stm32g4xx_hal.o(i.HAL_Delay) refers to stm32g4xx_hal.o(.data) for .data
    stm32g4xx_hal.o(i.HAL_GetTick) refers to stm32g4xx_hal.o(.data) for .data
    stm32g4xx_hal.o(i.HAL_GetTickFreq) refers to stm32g4xx_hal.o(.data) for .data
    stm32g4xx_hal.o(i.HAL_GetTickPrio) refers to stm32g4xx_hal.o(.data) for .data
    stm32g4xx_hal.o(i.HAL_IncTick) refers to stm32g4xx_hal.o(.data) for .data
    stm32g4xx_hal.o(i.HAL_Init) refers to stm32g4xx_hal_cortex.o(i.HAL_NVIC_SetPriorityGrouping) for HAL_NVIC_SetPriorityGrouping
    stm32g4xx_hal.o(i.HAL_Init) refers to stm32g4xx_hal.o(i.HAL_InitTick) for HAL_InitTick
    stm32g4xx_hal.o(i.HAL_Init) refers to stm32g4xx_hal_msp.o(i.HAL_MspInit) for HAL_MspInit
    stm32g4xx_hal.o(i.HAL_InitTick) refers to stm32g4xx_hal_cortex.o(i.HAL_SYSTICK_Config) for HAL_SYSTICK_Config
    stm32g4xx_hal.o(i.HAL_InitTick) refers to stm32g4xx_hal_cortex.o(i.HAL_NVIC_SetPriority) for HAL_NVIC_SetPriority
    stm32g4xx_hal.o(i.HAL_InitTick) refers to stm32g4xx_hal.o(.data) for .data
    stm32g4xx_hal.o(i.HAL_InitTick) refers to system_stm32g4xx.o(.data) for SystemCoreClock
    stm32g4xx_hal.o(i.HAL_SYSCFG_EnableVREFBUF) refers to stm32g4xx_hal.o(i.HAL_GetTick) for HAL_GetTick
    stm32g4xx_hal.o(i.HAL_SetTickFreq) refers to stm32g4xx_hal.o(i.HAL_InitTick) for HAL_InitTick
    stm32g4xx_hal.o(i.HAL_SetTickFreq) refers to stm32g4xx_hal.o(.data) for .data
    stm32g4xx_hal_rcc.o(i.HAL_RCC_ClockConfig) refers to stm32g4xx_hal_rcc.o(i.HAL_RCC_GetSysClockFreq) for HAL_RCC_GetSysClockFreq
    stm32g4xx_hal_rcc.o(i.HAL_RCC_ClockConfig) refers to stm32g4xx_hal.o(i.HAL_GetTick) for HAL_GetTick
    stm32g4xx_hal_rcc.o(i.HAL_RCC_ClockConfig) refers to stm32g4xx_hal.o(i.HAL_InitTick) for HAL_InitTick
    stm32g4xx_hal_rcc.o(i.HAL_RCC_ClockConfig) refers to system_stm32g4xx.o(.constdata) for AHBPrescTable
    stm32g4xx_hal_rcc.o(i.HAL_RCC_ClockConfig) refers to system_stm32g4xx.o(.data) for SystemCoreClock
    stm32g4xx_hal_rcc.o(i.HAL_RCC_ClockConfig) refers to stm32g4xx_hal.o(.data) for uwTickPrio
    stm32g4xx_hal_rcc.o(i.HAL_RCC_DeInit) refers to stm32g4xx_hal.o(i.HAL_GetTick) for HAL_GetTick
    stm32g4xx_hal_rcc.o(i.HAL_RCC_DeInit) refers to stm32g4xx_hal.o(i.HAL_InitTick) for HAL_InitTick
    stm32g4xx_hal_rcc.o(i.HAL_RCC_DeInit) refers to system_stm32g4xx.o(.data) for SystemCoreClock
    stm32g4xx_hal_rcc.o(i.HAL_RCC_DeInit) refers to stm32g4xx_hal.o(.data) for uwTickPrio
    stm32g4xx_hal_rcc.o(i.HAL_RCC_GetHCLKFreq) refers to system_stm32g4xx.o(.data) for SystemCoreClock
    stm32g4xx_hal_rcc.o(i.HAL_RCC_GetPCLK1Freq) refers to system_stm32g4xx.o(.data) for SystemCoreClock
    stm32g4xx_hal_rcc.o(i.HAL_RCC_GetPCLK1Freq) refers to system_stm32g4xx.o(.constdata) for APBPrescTable
    stm32g4xx_hal_rcc.o(i.HAL_RCC_GetPCLK2Freq) refers to system_stm32g4xx.o(.data) for SystemCoreClock
    stm32g4xx_hal_rcc.o(i.HAL_RCC_GetPCLK2Freq) refers to system_stm32g4xx.o(.constdata) for APBPrescTable
    stm32g4xx_hal_rcc.o(i.HAL_RCC_MCOConfig) refers to stm32g4xx_hal_gpio.o(i.HAL_GPIO_Init) for HAL_GPIO_Init
    stm32g4xx_hal_rcc.o(i.HAL_RCC_NMI_IRQHandler) refers to stm32g4xx_hal_rcc.o(i.HAL_RCC_CSSCallback) for HAL_RCC_CSSCallback
    stm32g4xx_hal_rcc.o(i.HAL_RCC_OscConfig) refers to stm32g4xx_hal.o(i.HAL_GetTick) for HAL_GetTick
    stm32g4xx_hal_rcc.o(i.HAL_RCC_OscConfig) refers to stm32g4xx_hal.o(i.HAL_InitTick) for HAL_InitTick
    stm32g4xx_hal_rcc.o(i.HAL_RCC_OscConfig) refers to stm32g4xx_hal.o(.data) for uwTickPrio
    stm32g4xx_hal_rcc_ex.o(i.HAL_RCCEx_CRSWaitSynchronization) refers to stm32g4xx_hal.o(i.HAL_GetTick) for HAL_GetTick
    stm32g4xx_hal_rcc_ex.o(i.HAL_RCCEx_CRS_IRQHandler) refers to stm32g4xx_hal_rcc_ex.o(i.HAL_RCCEx_CRS_SyncOkCallback) for HAL_RCCEx_CRS_SyncOkCallback
    stm32g4xx_hal_rcc_ex.o(i.HAL_RCCEx_CRS_IRQHandler) refers to stm32g4xx_hal_rcc_ex.o(i.HAL_RCCEx_CRS_SyncWarnCallback) for HAL_RCCEx_CRS_SyncWarnCallback
    stm32g4xx_hal_rcc_ex.o(i.HAL_RCCEx_CRS_IRQHandler) refers to stm32g4xx_hal_rcc_ex.o(i.HAL_RCCEx_CRS_ExpectedSyncCallback) for HAL_RCCEx_CRS_ExpectedSyncCallback
    stm32g4xx_hal_rcc_ex.o(i.HAL_RCCEx_CRS_IRQHandler) refers to stm32g4xx_hal_rcc_ex.o(i.HAL_RCCEx_CRS_ErrorCallback) for HAL_RCCEx_CRS_ErrorCallback
    stm32g4xx_hal_rcc_ex.o(i.HAL_RCCEx_DisableLSCO) refers to stm32g4xx_hal_pwr.o(i.HAL_PWR_EnableBkUpAccess) for HAL_PWR_EnableBkUpAccess
    stm32g4xx_hal_rcc_ex.o(i.HAL_RCCEx_DisableLSCO) refers to stm32g4xx_hal_pwr.o(i.HAL_PWR_DisableBkUpAccess) for HAL_PWR_DisableBkUpAccess
    stm32g4xx_hal_rcc_ex.o(i.HAL_RCCEx_EnableLSCO) refers to stm32g4xx_hal_gpio.o(i.HAL_GPIO_Init) for HAL_GPIO_Init
    stm32g4xx_hal_rcc_ex.o(i.HAL_RCCEx_EnableLSCO) refers to stm32g4xx_hal_pwr.o(i.HAL_PWR_EnableBkUpAccess) for HAL_PWR_EnableBkUpAccess
    stm32g4xx_hal_rcc_ex.o(i.HAL_RCCEx_EnableLSCO) refers to stm32g4xx_hal_pwr.o(i.HAL_PWR_DisableBkUpAccess) for HAL_PWR_DisableBkUpAccess
    stm32g4xx_hal_rcc_ex.o(i.HAL_RCCEx_GetPeriphCLKFreq) refers to stm32g4xx_hal_rcc.o(i.HAL_RCC_GetSysClockFreq) for HAL_RCC_GetSysClockFreq
    stm32g4xx_hal_rcc_ex.o(i.HAL_RCCEx_GetPeriphCLKFreq) refers to stm32g4xx_hal_rcc.o(i.HAL_RCC_GetPCLK2Freq) for HAL_RCC_GetPCLK2Freq
    stm32g4xx_hal_rcc_ex.o(i.HAL_RCCEx_GetPeriphCLKFreq) refers to stm32g4xx_hal_rcc.o(i.HAL_RCC_GetPCLK1Freq) for HAL_RCC_GetPCLK1Freq
    stm32g4xx_hal_rcc_ex.o(i.HAL_RCCEx_LSECSS_IRQHandler) refers to stm32g4xx_hal_rcc_ex.o(i.HAL_RCCEx_LSECSS_Callback) for HAL_RCCEx_LSECSS_Callback
    stm32g4xx_hal_rcc_ex.o(i.HAL_RCCEx_PeriphCLKConfig) refers to stm32g4xx_hal.o(i.HAL_GetTick) for HAL_GetTick
    stm32g4xx_hal_flash.o(i.FLASH_WaitForLastOperation) refers to stm32g4xx_hal.o(i.HAL_GetTick) for HAL_GetTick
    stm32g4xx_hal_flash.o(i.FLASH_WaitForLastOperation) refers to stm32g4xx_hal_flash.o(.data) for .data
    stm32g4xx_hal_flash.o(i.HAL_FLASH_GetError) refers to stm32g4xx_hal_flash.o(.data) for .data
    stm32g4xx_hal_flash.o(i.HAL_FLASH_IRQHandler) refers to stm32g4xx_hal_flash_ex.o(i.FLASH_FlushCaches) for FLASH_FlushCaches
    stm32g4xx_hal_flash.o(i.HAL_FLASH_IRQHandler) refers to stm32g4xx_hal_flash.o(i.HAL_FLASH_OperationErrorCallback) for HAL_FLASH_OperationErrorCallback
    stm32g4xx_hal_flash.o(i.HAL_FLASH_IRQHandler) refers to stm32g4xx_hal_flash.o(i.HAL_FLASH_EndOfOperationCallback) for HAL_FLASH_EndOfOperationCallback
    stm32g4xx_hal_flash.o(i.HAL_FLASH_IRQHandler) refers to stm32g4xx_hal_flash_ex.o(i.FLASH_PageErase) for FLASH_PageErase
    stm32g4xx_hal_flash.o(i.HAL_FLASH_IRQHandler) refers to stm32g4xx_hal_flash.o(.data) for .data
    stm32g4xx_hal_flash.o(i.HAL_FLASH_OB_Launch) refers to stm32g4xx_hal_flash.o(i.FLASH_WaitForLastOperation) for FLASH_WaitForLastOperation
    stm32g4xx_hal_flash.o(i.HAL_FLASH_Program) refers to stm32g4xx_hal_flash.o(i.FLASH_WaitForLastOperation) for FLASH_WaitForLastOperation
    stm32g4xx_hal_flash.o(i.HAL_FLASH_Program) refers to stm32g4xx_hal_flash.o(i.FLASH_Program_DoubleWord) for FLASH_Program_DoubleWord
    stm32g4xx_hal_flash.o(i.HAL_FLASH_Program) refers to stm32g4xx_hal_flash.o(i.FLASH_Program_Fast) for FLASH_Program_Fast
    stm32g4xx_hal_flash.o(i.HAL_FLASH_Program) refers to stm32g4xx_hal_flash.o(.data) for .data
    stm32g4xx_hal_flash.o(i.HAL_FLASH_Program_IT) refers to stm32g4xx_hal_flash.o(i.FLASH_WaitForLastOperation) for FLASH_WaitForLastOperation
    stm32g4xx_hal_flash.o(i.HAL_FLASH_Program_IT) refers to stm32g4xx_hal_flash.o(i.FLASH_Program_DoubleWord) for FLASH_Program_DoubleWord
    stm32g4xx_hal_flash.o(i.HAL_FLASH_Program_IT) refers to stm32g4xx_hal_flash.o(i.FLASH_Program_Fast) for FLASH_Program_Fast
    stm32g4xx_hal_flash.o(i.HAL_FLASH_Program_IT) refers to stm32g4xx_hal_flash.o(.data) for .data
    stm32g4xx_hal_flash_ex.o(i.FLASH_FlushCaches) refers to stm32g4xx_hal_flash.o(.data) for pFlash
    stm32g4xx_hal_flash_ex.o(i.FLASH_OB_UserConfig) refers to stm32g4xx_hal_flash.o(i.FLASH_WaitForLastOperation) for FLASH_WaitForLastOperation
    stm32g4xx_hal_flash_ex.o(i.HAL_FLASHEx_Erase) refers to stm32g4xx_hal_flash.o(i.FLASH_WaitForLastOperation) for FLASH_WaitForLastOperation
    stm32g4xx_hal_flash_ex.o(i.HAL_FLASHEx_Erase) refers to stm32g4xx_hal_flash_ex.o(i.FLASH_MassErase) for FLASH_MassErase
    stm32g4xx_hal_flash_ex.o(i.HAL_FLASHEx_Erase) refers to stm32g4xx_hal_flash_ex.o(i.FLASH_PageErase) for FLASH_PageErase
    stm32g4xx_hal_flash_ex.o(i.HAL_FLASHEx_Erase) refers to stm32g4xx_hal_flash_ex.o(i.FLASH_FlushCaches) for FLASH_FlushCaches
    stm32g4xx_hal_flash_ex.o(i.HAL_FLASHEx_Erase) refers to stm32g4xx_hal_flash.o(.data) for pFlash
    stm32g4xx_hal_flash_ex.o(i.HAL_FLASHEx_Erase_IT) refers to stm32g4xx_hal_flash_ex.o(i.FLASH_PageErase) for FLASH_PageErase
    stm32g4xx_hal_flash_ex.o(i.HAL_FLASHEx_Erase_IT) refers to stm32g4xx_hal_flash_ex.o(i.FLASH_MassErase) for FLASH_MassErase
    stm32g4xx_hal_flash_ex.o(i.HAL_FLASHEx_Erase_IT) refers to stm32g4xx_hal_flash.o(.data) for pFlash
    stm32g4xx_hal_flash_ex.o(i.HAL_FLASHEx_OBProgram) refers to stm32g4xx_hal_flash.o(i.FLASH_WaitForLastOperation) for FLASH_WaitForLastOperation
    stm32g4xx_hal_flash_ex.o(i.HAL_FLASHEx_OBProgram) refers to stm32g4xx_hal_flash_ex.o(i.FLASH_OB_UserConfig) for FLASH_OB_UserConfig
    stm32g4xx_hal_flash_ex.o(i.HAL_FLASHEx_OBProgram) refers to stm32g4xx_hal_flash.o(.data) for pFlash
    stm32g4xx_hal_gpio.o(i.HAL_GPIO_EXTI_IRQHandler) refers to stm32g4xx_hal_gpio.o(i.HAL_GPIO_EXTI_Callback) for HAL_GPIO_EXTI_Callback
    stm32g4xx_hal_dma.o(i.HAL_DMA_DeInit) refers to stm32g4xx_hal_dma.o(i.DMA_CalcDMAMUXChannelBaseAndMask) for DMA_CalcDMAMUXChannelBaseAndMask
    stm32g4xx_hal_dma.o(i.HAL_DMA_DeInit) refers to stm32g4xx_hal_dma.o(i.DMA_CalcDMAMUXRequestGenBaseAndMask) for DMA_CalcDMAMUXRequestGenBaseAndMask
    stm32g4xx_hal_dma.o(i.HAL_DMA_Init) refers to stm32g4xx_hal_dma.o(i.DMA_CalcDMAMUXChannelBaseAndMask) for DMA_CalcDMAMUXChannelBaseAndMask
    stm32g4xx_hal_dma.o(i.HAL_DMA_Init) refers to stm32g4xx_hal_dma.o(i.DMA_CalcDMAMUXRequestGenBaseAndMask) for DMA_CalcDMAMUXRequestGenBaseAndMask
    stm32g4xx_hal_dma.o(i.HAL_DMA_PollForTransfer) refers to stm32g4xx_hal.o(i.HAL_GetTick) for HAL_GetTick
    stm32g4xx_hal_dma.o(i.HAL_DMA_Start) refers to stm32g4xx_hal_dma.o(i.DMA_SetConfig) for DMA_SetConfig
    stm32g4xx_hal_dma.o(i.HAL_DMA_Start_IT) refers to stm32g4xx_hal_dma.o(i.DMA_SetConfig) for DMA_SetConfig
    stm32g4xx_hal_pwr.o(i.HAL_PWR_EnterSLEEPMode) refers to stm32g4xx_hal_pwr_ex.o(i.HAL_PWREx_EnableLowPowerRunMode) for HAL_PWREx_EnableLowPowerRunMode
    stm32g4xx_hal_pwr.o(i.HAL_PWR_EnterSLEEPMode) refers to stm32g4xx_hal_pwr_ex.o(i.HAL_PWREx_DisableLowPowerRunMode) for HAL_PWREx_DisableLowPowerRunMode
    stm32g4xx_hal_pwr.o(i.HAL_PWR_EnterSTOPMode) refers to stm32g4xx_hal_pwr_ex.o(i.HAL_PWREx_EnterSTOP0Mode) for HAL_PWREx_EnterSTOP0Mode
    stm32g4xx_hal_pwr.o(i.HAL_PWR_EnterSTOPMode) refers to stm32g4xx_hal_pwr_ex.o(i.HAL_PWREx_EnterSTOP1Mode) for HAL_PWREx_EnterSTOP1Mode
    stm32g4xx_hal_cortex.o(i.HAL_NVIC_SetPriority) refers to stm32g4xx_hal_cortex.o(i.__NVIC_SetPriority) for __NVIC_SetPriority
    stm32g4xx_hal_cortex.o(i.HAL_SYSTICK_Config) refers to stm32g4xx_hal_cortex.o(i.__NVIC_SetPriority) for __NVIC_SetPriority
    stm32g4xx_hal_cortex.o(i.HAL_SYSTICK_IRQHandler) refers to stm32g4xx_hal_cortex.o(i.HAL_SYSTICK_Callback) for HAL_SYSTICK_Callback
    system_stm32g4xx.o(i.SystemCoreClockUpdate) refers to system_stm32g4xx.o(.data) for .data
    system_stm32g4xx.o(i.SystemCoreClockUpdate) refers to system_stm32g4xx.o(.constdata) for .constdata
    entry.o(.ARM.Collect$$$$00000000) refers (Special) to entry10a.o(.ARM.Collect$$$$0000000D) for __rt_final_cpp
    entry.o(.ARM.Collect$$$$00000000) refers (Special) to entry11a.o(.ARM.Collect$$$$0000000F) for __rt_final_exit
    entry.o(.ARM.Collect$$$$00000000) refers (Special) to entry7b.o(.ARM.Collect$$$$00000008) for _main_clock
    entry.o(.ARM.Collect$$$$00000000) refers (Special) to entry8b.o(.ARM.Collect$$$$0000000A) for _main_cpp_init
    entry.o(.ARM.Collect$$$$00000000) refers (Special) to entry9a.o(.ARM.Collect$$$$0000000B) for _main_init
    entry.o(.ARM.Collect$$$$00000000) refers (Special) to entry5.o(.ARM.Collect$$$$00000004) for _main_scatterload
    entry.o(.ARM.Collect$$$$00000000) refers (Special) to entry2.o(.ARM.Collect$$$$00000001) for _main_stk
    entry2.o(.ARM.Collect$$$$00000001) refers to entry2.o(.ARM.Collect$$$$00002712) for __lit__00000000
    entry2.o(.ARM.Collect$$$$00002712) refers to startup_stm32g431xx.o(STACK) for __initial_sp
    entry2.o(__vectab_stack_and_reset_area) refers to startup_stm32g431xx.o(STACK) for __initial_sp
    entry2.o(__vectab_stack_and_reset_area) refers to entry.o(.ARM.Collect$$$$00000000) for __main
    entry5.o(.ARM.Collect$$$$00000004) refers to init.o(.text) for __scatterload
    entry9a.o(.ARM.Collect$$$$0000000B) refers to main.o(i.main) for main
    entry9b.o(.ARM.Collect$$$$0000000C) refers to main.o(i.main) for main
    init.o(.text) refers to entry5.o(.ARM.Collect$$$$00000004) for __main_after_scatterload


==============================================================================

Removing Unused input sections from the image.

    Removing startup_stm32g431xx.o(HEAP), (512 bytes).
    Removing key.o(.rev16_text), (4 bytes).
    Removing key.o(.revsh_text), (4 bytes).
    Removing key.o(.rrx_text), (6 bytes).
    Removing key.o(i.press_once), (12 bytes).
    Removing lcd.o(.rev16_text), (4 bytes).
    Removing lcd.o(.revsh_text), (4 bytes).
    Removing lcd.o(.rrx_text), (6 bytes).
    Removing lcd.o(i.LCD_ClearLine), (32 bytes).
    Removing lcd.o(i.LCD_DisplayOff), (8 bytes).
    Removing lcd.o(i.LCD_DisplayOn), (10 bytes).
    Removing lcd.o(i.LCD_DrawCircle), (268 bytes).
    Removing lcd.o(i.LCD_DrawLine), (84 bytes).
    Removing lcd.o(i.LCD_DrawMonoPict), (76 bytes).
    Removing lcd.o(i.LCD_DrawPicture), (42 bytes).
    Removing lcd.o(i.LCD_DrawRect), (64 bytes).
    Removing lcd.o(i.LCD_PowerOn), (120 bytes).
    Removing lcd.o(i.LCD_ReadRAM), (132 bytes).
    Removing lcd.o(i.LCD_SetDisplayWindow), (76 bytes).
    Removing lcd.o(i.LCD_WindowModeDisable), (30 bytes).
    Removing lcd.o(i.LCD_WriteBMP), (70 bytes).
    Removing led.o(.rev16_text), (4 bytes).
    Removing led.o(.revsh_text), (4 bytes).
    Removing led.o(.rrx_text), (6 bytes).
    Removing led.o(i.LEDx_Off), (40 bytes).
    Removing led.o(i.LEDx_On), (40 bytes).
    Removing main.o(.rev16_text), (4 bytes).
    Removing main.o(.revsh_text), (4 bytes).
    Removing main.o(.rrx_text), (6 bytes).
    Removing main.o(i.Error_Handler), (4 bytes).
    Removing gpio.o(.rev16_text), (4 bytes).
    Removing gpio.o(.revsh_text), (4 bytes).
    Removing gpio.o(.rrx_text), (6 bytes).
    Removing stm32g4xx_it.o(.rev16_text), (4 bytes).
    Removing stm32g4xx_it.o(.revsh_text), (4 bytes).
    Removing stm32g4xx_it.o(.rrx_text), (6 bytes).
    Removing stm32g4xx_hal_msp.o(.rev16_text), (4 bytes).
    Removing stm32g4xx_hal_msp.o(.revsh_text), (4 bytes).
    Removing stm32g4xx_hal_msp.o(.rrx_text), (6 bytes).
    Removing stm32g4xx_hal_tim.o(.rev16_text), (4 bytes).
    Removing stm32g4xx_hal_tim.o(.revsh_text), (4 bytes).
    Removing stm32g4xx_hal_tim.o(.rrx_text), (6 bytes).
    Removing stm32g4xx_hal_tim_ex.o(.rev16_text), (4 bytes).
    Removing stm32g4xx_hal_tim_ex.o(.revsh_text), (4 bytes).
    Removing stm32g4xx_hal_tim_ex.o(.rrx_text), (6 bytes).
    Removing stm32g4xx_hal_pwr_ex.o(.rev16_text), (4 bytes).
    Removing stm32g4xx_hal_pwr_ex.o(.revsh_text), (4 bytes).
    Removing stm32g4xx_hal_pwr_ex.o(.rrx_text), (6 bytes).
    Removing stm32g4xx_hal_pwr_ex.o(i.HAL_PWREx_ConfigPVM), (400 bytes).
    Removing stm32g4xx_hal_pwr_ex.o(i.HAL_PWREx_DisableBatteryCharging), (16 bytes).
    Removing stm32g4xx_hal_pwr_ex.o(i.HAL_PWREx_DisableGPIOPullDown), (100 bytes).
    Removing stm32g4xx_hal_pwr_ex.o(i.HAL_PWREx_DisableGPIOPullUp), (104 bytes).
    Removing stm32g4xx_hal_pwr_ex.o(i.HAL_PWREx_DisableInternalWakeUpLine), (16 bytes).
    Removing stm32g4xx_hal_pwr_ex.o(i.HAL_PWREx_DisableLowPowerRunMode), (64 bytes).
    Removing stm32g4xx_hal_pwr_ex.o(i.HAL_PWREx_DisablePVM1), (16 bytes).
    Removing stm32g4xx_hal_pwr_ex.o(i.HAL_PWREx_DisablePVM2), (16 bytes).
    Removing stm32g4xx_hal_pwr_ex.o(i.HAL_PWREx_DisablePVM3), (16 bytes).
    Removing stm32g4xx_hal_pwr_ex.o(i.HAL_PWREx_DisablePVM4), (16 bytes).
    Removing stm32g4xx_hal_pwr_ex.o(i.HAL_PWREx_DisablePullUpPullDownConfig), (16 bytes).
    Removing stm32g4xx_hal_pwr_ex.o(i.HAL_PWREx_DisableSRAM2ContentRetention), (16 bytes).
    Removing stm32g4xx_hal_pwr_ex.o(i.HAL_PWREx_DisableUCPDStandbyMode), (16 bytes).
    Removing stm32g4xx_hal_pwr_ex.o(i.HAL_PWREx_EnableBatteryCharging), (28 bytes).
    Removing stm32g4xx_hal_pwr_ex.o(i.HAL_PWREx_EnableGPIOPullDown), (152 bytes).
    Removing stm32g4xx_hal_pwr_ex.o(i.HAL_PWREx_EnableGPIOPullUp), (152 bytes).
    Removing stm32g4xx_hal_pwr_ex.o(i.HAL_PWREx_EnableInternalWakeUpLine), (16 bytes).
    Removing stm32g4xx_hal_pwr_ex.o(i.HAL_PWREx_EnableLowPowerRunMode), (16 bytes).
    Removing stm32g4xx_hal_pwr_ex.o(i.HAL_PWREx_EnablePVM1), (16 bytes).
    Removing stm32g4xx_hal_pwr_ex.o(i.HAL_PWREx_EnablePVM2), (16 bytes).
    Removing stm32g4xx_hal_pwr_ex.o(i.HAL_PWREx_EnablePVM3), (16 bytes).
    Removing stm32g4xx_hal_pwr_ex.o(i.HAL_PWREx_EnablePVM4), (16 bytes).
    Removing stm32g4xx_hal_pwr_ex.o(i.HAL_PWREx_EnablePullUpPullDownConfig), (16 bytes).
    Removing stm32g4xx_hal_pwr_ex.o(i.HAL_PWREx_EnableSRAM2ContentRetention), (16 bytes).
    Removing stm32g4xx_hal_pwr_ex.o(i.HAL_PWREx_EnableUCPDDeadBattery), (16 bytes).
    Removing stm32g4xx_hal_pwr_ex.o(i.HAL_PWREx_EnableUCPDStandbyMode), (16 bytes).
    Removing stm32g4xx_hal_pwr_ex.o(i.HAL_PWREx_EnterSHUTDOWNMode), (36 bytes).
    Removing stm32g4xx_hal_pwr_ex.o(i.HAL_PWREx_EnterSTOP0Mode), (52 bytes).
    Removing stm32g4xx_hal_pwr_ex.o(i.HAL_PWREx_EnterSTOP1Mode), (56 bytes).
    Removing stm32g4xx_hal_pwr_ex.o(i.HAL_PWREx_GetVoltageRange), (40 bytes).
    Removing stm32g4xx_hal_pwr_ex.o(i.HAL_PWREx_PVD_PVM_IRQHandler), (88 bytes).
    Removing stm32g4xx_hal_pwr_ex.o(i.HAL_PWREx_PVM1Callback), (2 bytes).
    Removing stm32g4xx_hal_pwr_ex.o(i.HAL_PWREx_PVM2Callback), (2 bytes).
    Removing stm32g4xx_hal_pwr_ex.o(i.HAL_PWREx_PVM3Callback), (2 bytes).
    Removing stm32g4xx_hal_pwr_ex.o(i.HAL_PWREx_PVM4Callback), (2 bytes).
    Removing stm32g4xx_hal.o(.rev16_text), (4 bytes).
    Removing stm32g4xx_hal.o(.revsh_text), (4 bytes).
    Removing stm32g4xx_hal.o(.rrx_text), (6 bytes).
    Removing stm32g4xx_hal.o(i.HAL_DBGMCU_DisableDBGSleepMode), (16 bytes).
    Removing stm32g4xx_hal.o(i.HAL_DBGMCU_DisableDBGStandbyMode), (16 bytes).
    Removing stm32g4xx_hal.o(i.HAL_DBGMCU_DisableDBGStopMode), (16 bytes).
    Removing stm32g4xx_hal.o(i.HAL_DBGMCU_EnableDBGSleepMode), (16 bytes).
    Removing stm32g4xx_hal.o(i.HAL_DBGMCU_EnableDBGStandbyMode), (16 bytes).
    Removing stm32g4xx_hal.o(i.HAL_DBGMCU_EnableDBGStopMode), (16 bytes).
    Removing stm32g4xx_hal.o(i.HAL_DeInit), (44 bytes).
    Removing stm32g4xx_hal.o(i.HAL_GetDEVID), (16 bytes).
    Removing stm32g4xx_hal.o(i.HAL_GetHalVersion), (6 bytes).
    Removing stm32g4xx_hal.o(i.HAL_GetREVID), (12 bytes).
    Removing stm32g4xx_hal.o(i.HAL_GetTickFreq), (12 bytes).
    Removing stm32g4xx_hal.o(i.HAL_GetTickPrio), (12 bytes).
    Removing stm32g4xx_hal.o(i.HAL_MspDeInit), (2 bytes).
    Removing stm32g4xx_hal.o(i.HAL_MspInit), (2 bytes).
    Removing stm32g4xx_hal.o(i.HAL_ResumeTick), (14 bytes).
    Removing stm32g4xx_hal.o(i.HAL_SYSCFG_CCMSRAMErase), (24 bytes).
    Removing stm32g4xx_hal.o(i.HAL_SYSCFG_CCMSRAM_WriteProtectionEnable), (16 bytes).
    Removing stm32g4xx_hal.o(i.HAL_SYSCFG_DisableIOSwitchBooster), (16 bytes).
    Removing stm32g4xx_hal.o(i.HAL_SYSCFG_DisableIOSwitchVDD), (16 bytes).
    Removing stm32g4xx_hal.o(i.HAL_SYSCFG_DisableMemorySwappingBank), (16 bytes).
    Removing stm32g4xx_hal.o(i.HAL_SYSCFG_DisableVREFBUF), (16 bytes).
    Removing stm32g4xx_hal.o(i.HAL_SYSCFG_EnableIOSwitchBooster), (16 bytes).
    Removing stm32g4xx_hal.o(i.HAL_SYSCFG_EnableIOSwitchVDD), (16 bytes).
    Removing stm32g4xx_hal.o(i.HAL_SYSCFG_EnableMemorySwappingBank), (16 bytes).
    Removing stm32g4xx_hal.o(i.HAL_SYSCFG_EnableVREFBUF), (48 bytes).
    Removing stm32g4xx_hal.o(i.HAL_SYSCFG_VREFBUF_HighImpedanceConfig), (20 bytes).
    Removing stm32g4xx_hal.o(i.HAL_SYSCFG_VREFBUF_TrimmingConfig), (20 bytes).
    Removing stm32g4xx_hal.o(i.HAL_SYSCFG_VREFBUF_VoltageScalingConfig), (20 bytes).
    Removing stm32g4xx_hal.o(i.HAL_SetTickFreq), (36 bytes).
    Removing stm32g4xx_hal.o(i.HAL_SuspendTick), (14 bytes).
    Removing stm32g4xx_hal_rcc.o(.rev16_text), (4 bytes).
    Removing stm32g4xx_hal_rcc.o(.revsh_text), (4 bytes).
    Removing stm32g4xx_hal_rcc.o(.rrx_text), (6 bytes).
    Removing stm32g4xx_hal_rcc.o(i.HAL_RCC_CSSCallback), (2 bytes).
    Removing stm32g4xx_hal_rcc.o(i.HAL_RCC_DeInit), (184 bytes).
    Removing stm32g4xx_hal_rcc.o(i.HAL_RCC_DisableLSECSS), (20 bytes).
    Removing stm32g4xx_hal_rcc.o(i.HAL_RCC_EnableCSS), (16 bytes).
    Removing stm32g4xx_hal_rcc.o(i.HAL_RCC_EnableLSECSS), (20 bytes).
    Removing stm32g4xx_hal_rcc.o(i.HAL_RCC_GetClockConfig), (64 bytes).
    Removing stm32g4xx_hal_rcc.o(i.HAL_RCC_GetHCLKFreq), (12 bytes).
    Removing stm32g4xx_hal_rcc.o(i.HAL_RCC_GetOscConfig), (200 bytes).
    Removing stm32g4xx_hal_rcc.o(i.HAL_RCC_GetPCLK1Freq), (36 bytes).
    Removing stm32g4xx_hal_rcc.o(i.HAL_RCC_GetPCLK2Freq), (36 bytes).
    Removing stm32g4xx_hal_rcc.o(i.HAL_RCC_MCOConfig), (76 bytes).
    Removing stm32g4xx_hal_rcc.o(i.HAL_RCC_NMI_IRQHandler), (24 bytes).
    Removing stm32g4xx_hal_rcc_ex.o(.rev16_text), (4 bytes).
    Removing stm32g4xx_hal_rcc_ex.o(.revsh_text), (4 bytes).
    Removing stm32g4xx_hal_rcc_ex.o(.rrx_text), (6 bytes).
    Removing stm32g4xx_hal_rcc_ex.o(i.HAL_RCCEx_CRSConfig), (76 bytes).
    Removing stm32g4xx_hal_rcc_ex.o(i.HAL_RCCEx_CRSGetSynchronizationInfo), (36 bytes).
    Removing stm32g4xx_hal_rcc_ex.o(i.HAL_RCCEx_CRSSoftwareSynchronizationGenerate), (16 bytes).
    Removing stm32g4xx_hal_rcc_ex.o(i.HAL_RCCEx_CRSWaitSynchronization), (132 bytes).
    Removing stm32g4xx_hal_rcc_ex.o(i.HAL_RCCEx_CRS_ErrorCallback), (2 bytes).
    Removing stm32g4xx_hal_rcc_ex.o(i.HAL_RCCEx_CRS_ExpectedSyncCallback), (2 bytes).
    Removing stm32g4xx_hal_rcc_ex.o(i.HAL_RCCEx_CRS_IRQHandler), (108 bytes).
    Removing stm32g4xx_hal_rcc_ex.o(i.HAL_RCCEx_CRS_SyncOkCallback), (2 bytes).
    Removing stm32g4xx_hal_rcc_ex.o(i.HAL_RCCEx_CRS_SyncWarnCallback), (2 bytes).
    Removing stm32g4xx_hal_rcc_ex.o(i.HAL_RCCEx_DisableLSCO), (88 bytes).
    Removing stm32g4xx_hal_rcc_ex.o(i.HAL_RCCEx_DisableLSECSS), (28 bytes).
    Removing stm32g4xx_hal_rcc_ex.o(i.HAL_RCCEx_EnableLSCO), (140 bytes).
    Removing stm32g4xx_hal_rcc_ex.o(i.HAL_RCCEx_EnableLSECSS), (20 bytes).
    Removing stm32g4xx_hal_rcc_ex.o(i.HAL_RCCEx_EnableLSECSS_IT), (56 bytes).
    Removing stm32g4xx_hal_rcc_ex.o(i.HAL_RCCEx_GetPeriphCLKConfig), (148 bytes).
    Removing stm32g4xx_hal_rcc_ex.o(i.HAL_RCCEx_GetPeriphCLKFreq), (860 bytes).
    Removing stm32g4xx_hal_rcc_ex.o(i.HAL_RCCEx_LSECSS_Callback), (2 bytes).
    Removing stm32g4xx_hal_rcc_ex.o(i.HAL_RCCEx_LSECSS_IRQHandler), (24 bytes).
    Removing stm32g4xx_hal_rcc_ex.o(i.HAL_RCCEx_PeriphCLKConfig), (648 bytes).
    Removing stm32g4xx_hal_flash.o(.rev16_text), (4 bytes).
    Removing stm32g4xx_hal_flash.o(.revsh_text), (4 bytes).
    Removing stm32g4xx_hal_flash.o(.rrx_text), (6 bytes).
    Removing stm32g4xx_hal_flash.o(i.FLASH_Program_DoubleWord), (28 bytes).
    Removing stm32g4xx_hal_flash.o(i.FLASH_Program_Fast), (44 bytes).
    Removing stm32g4xx_hal_flash.o(i.FLASH_WaitForLastOperation), (96 bytes).
    Removing stm32g4xx_hal_flash.o(i.HAL_FLASH_EndOfOperationCallback), (2 bytes).
    Removing stm32g4xx_hal_flash.o(i.HAL_FLASH_GetError), (12 bytes).
    Removing stm32g4xx_hal_flash.o(i.HAL_FLASH_IRQHandler), (228 bytes).
    Removing stm32g4xx_hal_flash.o(i.HAL_FLASH_Lock), (28 bytes).
    Removing stm32g4xx_hal_flash.o(i.HAL_FLASH_OB_Launch), (24 bytes).
    Removing stm32g4xx_hal_flash.o(i.HAL_FLASH_OB_Lock), (28 bytes).
    Removing stm32g4xx_hal_flash.o(i.HAL_FLASH_OB_Unlock), (40 bytes).
    Removing stm32g4xx_hal_flash.o(i.HAL_FLASH_OperationErrorCallback), (2 bytes).
    Removing stm32g4xx_hal_flash.o(i.HAL_FLASH_Program), (124 bytes).
    Removing stm32g4xx_hal_flash.o(i.HAL_FLASH_Program_IT), (128 bytes).
    Removing stm32g4xx_hal_flash.o(i.HAL_FLASH_Unlock), (40 bytes).
    Removing stm32g4xx_hal_flash.o(.data), (32 bytes).
    Removing stm32g4xx_hal_flash_ex.o(.rev16_text), (4 bytes).
    Removing stm32g4xx_hal_flash_ex.o(.revsh_text), (4 bytes).
    Removing stm32g4xx_hal_flash_ex.o(.rrx_text), (6 bytes).
    Removing stm32g4xx_hal_flash_ex.o(i.FLASH_FlushCaches), (84 bytes).
    Removing stm32g4xx_hal_flash_ex.o(i.FLASH_MassErase), (28 bytes).
    Removing stm32g4xx_hal_flash_ex.o(i.FLASH_OB_UserConfig), (272 bytes).
    Removing stm32g4xx_hal_flash_ex.o(i.FLASH_PageErase), (40 bytes).
    Removing stm32g4xx_hal_flash_ex.o(i.HAL_FLASHEx_DisableDebugger), (16 bytes).
    Removing stm32g4xx_hal_flash_ex.o(i.HAL_FLASHEx_EnableDebugger), (16 bytes).
    Removing stm32g4xx_hal_flash_ex.o(i.HAL_FLASHEx_EnableSecMemProtection), (20 bytes).
    Removing stm32g4xx_hal_flash_ex.o(i.HAL_FLASHEx_Erase), (220 bytes).
    Removing stm32g4xx_hal_flash_ex.o(i.HAL_FLASHEx_Erase_IT), (148 bytes).
    Removing stm32g4xx_hal_flash_ex.o(i.HAL_FLASHEx_OBGetConfig), (176 bytes).
    Removing stm32g4xx_hal_flash_ex.o(i.HAL_FLASHEx_OBProgram), (388 bytes).
    Removing stm32g4xx_hal_flash_ramfunc.o(.rev16_text), (4 bytes).
    Removing stm32g4xx_hal_flash_ramfunc.o(.revsh_text), (4 bytes).
    Removing stm32g4xx_hal_flash_ramfunc.o(.rrx_text), (6 bytes).
    Removing stm32g4xx_hal_flash_ramfunc.o(i.HAL_FLASHEx_DisableRunPowerDown), (36 bytes).
    Removing stm32g4xx_hal_flash_ramfunc.o(i.HAL_FLASHEx_EnableRunPowerDown), (36 bytes).
    Removing stm32g4xx_hal_gpio.o(.rev16_text), (4 bytes).
    Removing stm32g4xx_hal_gpio.o(.revsh_text), (4 bytes).
    Removing stm32g4xx_hal_gpio.o(.rrx_text), (6 bytes).
    Removing stm32g4xx_hal_gpio.o(i.HAL_GPIO_DeInit), (332 bytes).
    Removing stm32g4xx_hal_gpio.o(i.HAL_GPIO_EXTI_Callback), (2 bytes).
    Removing stm32g4xx_hal_gpio.o(i.HAL_GPIO_EXTI_IRQHandler), (24 bytes).
    Removing stm32g4xx_hal_gpio.o(i.HAL_GPIO_LockPin), (34 bytes).
    Removing stm32g4xx_hal_exti.o(.rev16_text), (4 bytes).
    Removing stm32g4xx_hal_exti.o(.revsh_text), (4 bytes).
    Removing stm32g4xx_hal_exti.o(.rrx_text), (6 bytes).
    Removing stm32g4xx_hal_exti.o(i.HAL_EXTI_ClearConfigLine), (128 bytes).
    Removing stm32g4xx_hal_exti.o(i.HAL_EXTI_ClearPending), (28 bytes).
    Removing stm32g4xx_hal_exti.o(i.HAL_EXTI_GenerateSWI), (28 bytes).
    Removing stm32g4xx_hal_exti.o(i.HAL_EXTI_GetConfigLine), (164 bytes).
    Removing stm32g4xx_hal_exti.o(i.HAL_EXTI_GetHandle), (12 bytes).
    Removing stm32g4xx_hal_exti.o(i.HAL_EXTI_GetPending), (32 bytes).
    Removing stm32g4xx_hal_exti.o(i.HAL_EXTI_IRQHandler), (44 bytes).
    Removing stm32g4xx_hal_exti.o(i.HAL_EXTI_RegisterCallback), (16 bytes).
    Removing stm32g4xx_hal_exti.o(i.HAL_EXTI_SetConfigLine), (176 bytes).
    Removing stm32g4xx_hal_dma.o(.rev16_text), (4 bytes).
    Removing stm32g4xx_hal_dma.o(.revsh_text), (4 bytes).
    Removing stm32g4xx_hal_dma.o(.rrx_text), (6 bytes).
    Removing stm32g4xx_hal_dma.o(i.DMA_CalcDMAMUXChannelBaseAndMask), (64 bytes).
    Removing stm32g4xx_hal_dma.o(i.DMA_CalcDMAMUXRequestGenBaseAndMask), (36 bytes).
    Removing stm32g4xx_hal_dma.o(i.DMA_SetConfig), (62 bytes).
    Removing stm32g4xx_hal_dma.o(i.HAL_DMA_Abort), (106 bytes).
    Removing stm32g4xx_hal_dma.o(i.HAL_DMA_Abort_IT), (120 bytes).
    Removing stm32g4xx_hal_dma.o(i.HAL_DMA_DeInit), (168 bytes).
    Removing stm32g4xx_hal_dma.o(i.HAL_DMA_GetError), (4 bytes).
    Removing stm32g4xx_hal_dma.o(i.HAL_DMA_GetState), (6 bytes).
    Removing stm32g4xx_hal_dma.o(i.HAL_DMA_IRQHandler), (186 bytes).
    Removing stm32g4xx_hal_dma.o(i.HAL_DMA_Init), (192 bytes).
    Removing stm32g4xx_hal_dma.o(i.HAL_DMA_PollForTransfer), (274 bytes).
    Removing stm32g4xx_hal_dma.o(i.HAL_DMA_RegisterCallback), (74 bytes).
    Removing stm32g4xx_hal_dma.o(i.HAL_DMA_Start), (80 bytes).
    Removing stm32g4xx_hal_dma.o(i.HAL_DMA_Start_IT), (140 bytes).
    Removing stm32g4xx_hal_dma.o(i.HAL_DMA_UnRegisterCallback), (82 bytes).
    Removing stm32g4xx_hal_dma_ex.o(.rev16_text), (4 bytes).
    Removing stm32g4xx_hal_dma_ex.o(.revsh_text), (4 bytes).
    Removing stm32g4xx_hal_dma_ex.o(.rrx_text), (6 bytes).
    Removing stm32g4xx_hal_dma_ex.o(i.HAL_DMAEx_ConfigMuxRequestGenerator), (76 bytes).
    Removing stm32g4xx_hal_dma_ex.o(i.HAL_DMAEx_ConfigMuxSync), (84 bytes).
    Removing stm32g4xx_hal_dma_ex.o(i.HAL_DMAEx_DisableMuxRequestGenerator), (26 bytes).
    Removing stm32g4xx_hal_dma_ex.o(i.HAL_DMAEx_EnableMuxRequestGenerator), (26 bytes).
    Removing stm32g4xx_hal_dma_ex.o(i.HAL_DMAEx_MUX_IRQHandler), (100 bytes).
    Removing stm32g4xx_hal_pwr.o(.rev16_text), (4 bytes).
    Removing stm32g4xx_hal_pwr.o(.revsh_text), (4 bytes).
    Removing stm32g4xx_hal_pwr.o(.rrx_text), (6 bytes).
    Removing stm32g4xx_hal_pwr.o(i.HAL_PWR_ConfigPVD), (128 bytes).
    Removing stm32g4xx_hal_pwr.o(i.HAL_PWR_DeInit), (24 bytes).
    Removing stm32g4xx_hal_pwr.o(i.HAL_PWR_DisableBkUpAccess), (16 bytes).
    Removing stm32g4xx_hal_pwr.o(i.HAL_PWR_DisablePVD), (16 bytes).
    Removing stm32g4xx_hal_pwr.o(i.HAL_PWR_DisableSEVOnPend), (16 bytes).
    Removing stm32g4xx_hal_pwr.o(i.HAL_PWR_DisableSleepOnExit), (16 bytes).
    Removing stm32g4xx_hal_pwr.o(i.HAL_PWR_DisableWakeUpPin), (20 bytes).
    Removing stm32g4xx_hal_pwr.o(i.HAL_PWR_EnableBkUpAccess), (16 bytes).
    Removing stm32g4xx_hal_pwr.o(i.HAL_PWR_EnablePVD), (16 bytes).
    Removing stm32g4xx_hal_pwr.o(i.HAL_PWR_EnableSEVOnPend), (16 bytes).
    Removing stm32g4xx_hal_pwr.o(i.HAL_PWR_EnableSleepOnExit), (16 bytes).
    Removing stm32g4xx_hal_pwr.o(i.HAL_PWR_EnableWakeUpPin), (28 bytes).
    Removing stm32g4xx_hal_pwr.o(i.HAL_PWR_EnterSLEEPMode), (68 bytes).
    Removing stm32g4xx_hal_pwr.o(i.HAL_PWR_EnterSTANDBYMode), (36 bytes).
    Removing stm32g4xx_hal_pwr.o(i.HAL_PWR_EnterSTOPMode), (16 bytes).
    Removing stm32g4xx_hal_pwr.o(i.HAL_PWR_PVDCallback), (2 bytes).
    Removing stm32g4xx_hal_cortex.o(.rev16_text), (4 bytes).
    Removing stm32g4xx_hal_cortex.o(.revsh_text), (4 bytes).
    Removing stm32g4xx_hal_cortex.o(.rrx_text), (6 bytes).
    Removing stm32g4xx_hal_cortex.o(i.HAL_MPU_ConfigRegion), (84 bytes).
    Removing stm32g4xx_hal_cortex.o(i.HAL_MPU_Disable), (16 bytes).
    Removing stm32g4xx_hal_cortex.o(i.HAL_MPU_Enable), (24 bytes).
    Removing stm32g4xx_hal_cortex.o(i.HAL_NVIC_ClearPendingIRQ), (26 bytes).
    Removing stm32g4xx_hal_cortex.o(i.HAL_NVIC_DisableIRQ), (34 bytes).
    Removing stm32g4xx_hal_cortex.o(i.HAL_NVIC_EnableIRQ), (26 bytes).
    Removing stm32g4xx_hal_cortex.o(i.HAL_NVIC_GetActive), (36 bytes).
    Removing stm32g4xx_hal_cortex.o(i.HAL_NVIC_GetPendingIRQ), (36 bytes).
    Removing stm32g4xx_hal_cortex.o(i.HAL_NVIC_GetPriority), (82 bytes).
    Removing stm32g4xx_hal_cortex.o(i.HAL_NVIC_GetPriorityGrouping), (16 bytes).
    Removing stm32g4xx_hal_cortex.o(i.HAL_NVIC_SetPendingIRQ), (26 bytes).
    Removing stm32g4xx_hal_cortex.o(i.HAL_NVIC_SystemReset), (36 bytes).
    Removing stm32g4xx_hal_cortex.o(i.HAL_SYSTICK_CLKSourceConfig), (24 bytes).
    Removing stm32g4xx_hal_cortex.o(i.HAL_SYSTICK_Callback), (2 bytes).
    Removing stm32g4xx_hal_cortex.o(i.HAL_SYSTICK_IRQHandler), (8 bytes).
    Removing system_stm32g4xx.o(.rev16_text), (4 bytes).
    Removing system_stm32g4xx.o(.revsh_text), (4 bytes).
    Removing system_stm32g4xx.o(.rrx_text), (6 bytes).
    Removing system_stm32g4xx.o(i.SystemCoreClockUpdate), (128 bytes).
    Removing system_stm32g4xx.o(.constdata), (8 bytes).

277 unused section(s) (total 13456 bytes) removed from the image.

==============================================================================

Image Symbol Table

    Local Symbols

    Symbol Name                              Value     Ov Type        Size  Object(Section)

    ../Core/Src/gpio.c                       0x00000000   Number         0  gpio.o ABSOLUTE
    ../Core/Src/main.c                       0x00000000   Number         0  main.o ABSOLUTE
    ../Core/Src/stm32g4xx_hal_msp.c          0x00000000   Number         0  stm32g4xx_hal_msp.o ABSOLUTE
    ../Core/Src/stm32g4xx_it.c               0x00000000   Number         0  stm32g4xx_it.o ABSOLUTE
    ../Core/Src/system_stm32g4xx.c           0x00000000   Number         0  system_stm32g4xx.o ABSOLUTE
    ../Drivers/STM32G4xx_HAL_Driver/Src/stm32g4xx_hal.c 0x00000000   Number         0  stm32g4xx_hal.o ABSOLUTE
    ../Drivers/STM32G4xx_HAL_Driver/Src/stm32g4xx_hal_cortex.c 0x00000000   Number         0  stm32g4xx_hal_cortex.o ABSOLUTE
    ../Drivers/STM32G4xx_HAL_Driver/Src/stm32g4xx_hal_dma.c 0x00000000   Number         0  stm32g4xx_hal_dma.o ABSOLUTE
    ../Drivers/STM32G4xx_HAL_Driver/Src/stm32g4xx_hal_dma_ex.c 0x00000000   Number         0  stm32g4xx_hal_dma_ex.o ABSOLUTE
    ../Drivers/STM32G4xx_HAL_Driver/Src/stm32g4xx_hal_exti.c 0x00000000   Number         0  stm32g4xx_hal_exti.o ABSOLUTE
    ../Drivers/STM32G4xx_HAL_Driver/Src/stm32g4xx_hal_flash.c 0x00000000   Number         0  stm32g4xx_hal_flash.o ABSOLUTE
    ../Drivers/STM32G4xx_HAL_Driver/Src/stm32g4xx_hal_flash_ex.c 0x00000000   Number         0  stm32g4xx_hal_flash_ex.o ABSOLUTE
    ../Drivers/STM32G4xx_HAL_Driver/Src/stm32g4xx_hal_flash_ramfunc.c 0x00000000   Number         0  stm32g4xx_hal_flash_ramfunc.o ABSOLUTE
    ../Drivers/STM32G4xx_HAL_Driver/Src/stm32g4xx_hal_gpio.c 0x00000000   Number         0  stm32g4xx_hal_gpio.o ABSOLUTE
    ../Drivers/STM32G4xx_HAL_Driver/Src/stm32g4xx_hal_pwr.c 0x00000000   Number         0  stm32g4xx_hal_pwr.o ABSOLUTE
    ../Drivers/STM32G4xx_HAL_Driver/Src/stm32g4xx_hal_pwr_ex.c 0x00000000   Number         0  stm32g4xx_hal_pwr_ex.o ABSOLUTE
    ../Drivers/STM32G4xx_HAL_Driver/Src/stm32g4xx_hal_rcc.c 0x00000000   Number         0  stm32g4xx_hal_rcc.o ABSOLUTE
    ../Drivers/STM32G4xx_HAL_Driver/Src/stm32g4xx_hal_rcc_ex.c 0x00000000   Number         0  stm32g4xx_hal_rcc_ex.o ABSOLUTE
    ../Drivers/STM32G4xx_HAL_Driver/Src/stm32g4xx_hal_tim.c 0x00000000   Number         0  stm32g4xx_hal_tim.o ABSOLUTE
    ../Drivers/STM32G4xx_HAL_Driver/Src/stm32g4xx_hal_tim_ex.c 0x00000000   Number         0  stm32g4xx_hal_tim_ex.o ABSOLUTE
    ../clib/microlib/init/entry.s            0x00000000   Number         0  entry.o ABSOLUTE
    ../clib/microlib/init/entry.s            0x00000000   Number         0  entry11a.o ABSOLUTE
    ../clib/microlib/init/entry.s            0x00000000   Number         0  entry11b.o ABSOLUTE
    ../clib/microlib/init/entry.s            0x00000000   Number         0  entry10b.o ABSOLUTE
    ../clib/microlib/init/entry.s            0x00000000   Number         0  entry10a.o ABSOLUTE
    ../clib/microlib/init/entry.s            0x00000000   Number         0  entry9b.o ABSOLUTE
    ../clib/microlib/init/entry.s            0x00000000   Number         0  entry9a.o ABSOLUTE
    ../clib/microlib/init/entry.s            0x00000000   Number         0  entry8b.o ABSOLUTE
    ../clib/microlib/init/entry.s            0x00000000   Number         0  entry8a.o ABSOLUTE
    ../clib/microlib/init/entry.s            0x00000000   Number         0  entry7b.o ABSOLUTE
    ../clib/microlib/init/entry.s            0x00000000   Number         0  entry7a.o ABSOLUTE
    ../clib/microlib/init/entry.s            0x00000000   Number         0  entry5.o ABSOLUTE
    ../clib/microlib/init/entry.s            0x00000000   Number         0  entry2.o ABSOLUTE
    ../clib/microlib/string/memset.c         0x00000000   Number         0  memseta.o ABSOLUTE
    ..\Core\Src\gpio.c                       0x00000000   Number         0  gpio.o ABSOLUTE
    ..\Core\Src\key.c                        0x00000000   Number         0  key.o ABSOLUTE
    ..\Core\Src\lcd.c                        0x00000000   Number         0  lcd.o ABSOLUTE
    ..\Core\Src\led.c                        0x00000000   Number         0  led.o ABSOLUTE
    ..\Core\Src\main.c                       0x00000000   Number         0  main.o ABSOLUTE
    ..\Core\Src\stm32g4xx_hal_msp.c          0x00000000   Number         0  stm32g4xx_hal_msp.o ABSOLUTE
    ..\Core\Src\stm32g4xx_it.c               0x00000000   Number         0  stm32g4xx_it.o ABSOLUTE
    ..\Core\Src\system_stm32g4xx.c           0x00000000   Number         0  system_stm32g4xx.o ABSOLUTE
    ..\Drivers\STM32G4xx_HAL_Driver\Src\stm32g4xx_hal.c 0x00000000   Number         0  stm32g4xx_hal.o ABSOLUTE
    ..\Drivers\STM32G4xx_HAL_Driver\Src\stm32g4xx_hal_cortex.c 0x00000000   Number         0  stm32g4xx_hal_cortex.o ABSOLUTE
    ..\Drivers\STM32G4xx_HAL_Driver\Src\stm32g4xx_hal_dma.c 0x00000000   Number         0  stm32g4xx_hal_dma.o ABSOLUTE
    ..\Drivers\STM32G4xx_HAL_Driver\Src\stm32g4xx_hal_dma_ex.c 0x00000000   Number         0  stm32g4xx_hal_dma_ex.o ABSOLUTE
    ..\Drivers\STM32G4xx_HAL_Driver\Src\stm32g4xx_hal_exti.c 0x00000000   Number         0  stm32g4xx_hal_exti.o ABSOLUTE
    ..\Drivers\STM32G4xx_HAL_Driver\Src\stm32g4xx_hal_flash.c 0x00000000   Number         0  stm32g4xx_hal_flash.o ABSOLUTE
    ..\Drivers\STM32G4xx_HAL_Driver\Src\stm32g4xx_hal_flash_ex.c 0x00000000   Number         0  stm32g4xx_hal_flash_ex.o ABSOLUTE
    ..\Drivers\STM32G4xx_HAL_Driver\Src\stm32g4xx_hal_flash_ramfunc.c 0x00000000   Number         0  stm32g4xx_hal_flash_ramfunc.o ABSOLUTE
    ..\Drivers\STM32G4xx_HAL_Driver\Src\stm32g4xx_hal_gpio.c 0x00000000   Number         0  stm32g4xx_hal_gpio.o ABSOLUTE
    ..\Drivers\STM32G4xx_HAL_Driver\Src\stm32g4xx_hal_pwr.c 0x00000000   Number         0  stm32g4xx_hal_pwr.o ABSOLUTE
    ..\Drivers\STM32G4xx_HAL_Driver\Src\stm32g4xx_hal_pwr_ex.c 0x00000000   Number         0  stm32g4xx_hal_pwr_ex.o ABSOLUTE
    ..\Drivers\STM32G4xx_HAL_Driver\Src\stm32g4xx_hal_rcc.c 0x00000000   Number         0  stm32g4xx_hal_rcc.o ABSOLUTE
    ..\Drivers\STM32G4xx_HAL_Driver\Src\stm32g4xx_hal_rcc_ex.c 0x00000000   Number         0  stm32g4xx_hal_rcc_ex.o ABSOLUTE
    ..\Drivers\STM32G4xx_HAL_Driver\Src\stm32g4xx_hal_tim.c 0x00000000   Number         0  stm32g4xx_hal_tim.o ABSOLUTE
    ..\Drivers\STM32G4xx_HAL_Driver\Src\stm32g4xx_hal_tim_ex.c 0x00000000   Number         0  stm32g4xx_hal_tim_ex.o ABSOLUTE
    ..\\Core\\Src\\key.c                     0x00000000   Number         0  key.o ABSOLUTE
    ..\\Core\\Src\\lcd.c                     0x00000000   Number         0  lcd.o ABSOLUTE
    ..\\Core\\Src\\led.c                     0x00000000   Number         0  led.o ABSOLUTE
    dc.s                                     0x00000000   Number         0  dc.o ABSOLUTE
    handlers.s                               0x00000000   Number         0  handlers.o ABSOLUTE
    init.s                                   0x00000000   Number         0  init.o ABSOLUTE
    startup_stm32g431xx.s                    0x00000000   Number         0  startup_stm32g431xx.o ABSOLUTE
    RESET                                    0x08000000   Section      472  startup_stm32g431xx.o(RESET)
    .ARM.Collect$$$$00000000                 0x080001d8   Section        0  entry.o(.ARM.Collect$$$$00000000)
    .ARM.Collect$$$$00000001                 0x080001d8   Section        4  entry2.o(.ARM.Collect$$$$00000001)
    .ARM.Collect$$$$00000004                 0x080001dc   Section        4  entry5.o(.ARM.Collect$$$$00000004)
    .ARM.Collect$$$$00000008                 0x080001e0   Section        0  entry7b.o(.ARM.Collect$$$$00000008)
    .ARM.Collect$$$$0000000A                 0x080001e0   Section        0  entry8b.o(.ARM.Collect$$$$0000000A)
    .ARM.Collect$$$$0000000B                 0x080001e0   Section        8  entry9a.o(.ARM.Collect$$$$0000000B)
    .ARM.Collect$$$$0000000D                 0x080001e8   Section        0  entry10a.o(.ARM.Collect$$$$0000000D)
    .ARM.Collect$$$$0000000F                 0x080001e8   Section        0  entry11a.o(.ARM.Collect$$$$0000000F)
    .ARM.Collect$$$$00002712                 0x080001e8   Section        4  entry2.o(.ARM.Collect$$$$00002712)
    __lit__00000000                          0x080001e8   Data           4  entry2.o(.ARM.Collect$$$$00002712)
    .text                                    0x080001ec   Section       36  startup_stm32g431xx.o(.text)
    $v0                                      0x080001ec   Number         0  startup_stm32g431xx.o(.text)
    .text                                    0x08000210   Section        0  memseta.o(.text)
    .text                                    0x08000234   Section       36  init.o(.text)
    i.BusFault_Handler                       0x08000258   Section        0  stm32g4xx_it.o(i.BusFault_Handler)
    i.Check                                  0x0800025c   Section        0  key.o(i.Check)
    i.Check_All                              0x080002e4   Section        0  key.o(i.Check_All)
    i.DebugMon_Handler                       0x080002f6   Section        0  stm32g4xx_it.o(i.DebugMon_Handler)
    i.Delay_LCD                              0x080002f8   Section        0  lcd.o(i.Delay_LCD)
    i.HAL_Delay                              0x08000314   Section        0  stm32g4xx_hal.o(i.HAL_Delay)
    i.HAL_GPIO_Init                          0x08000338   Section        0  stm32g4xx_hal_gpio.o(i.HAL_GPIO_Init)
    i.HAL_GPIO_ReadPin                       0x08000500   Section        0  stm32g4xx_hal_gpio.o(i.HAL_GPIO_ReadPin)
    i.HAL_GPIO_TogglePin                     0x0800050a   Section        0  stm32g4xx_hal_gpio.o(i.HAL_GPIO_TogglePin)
    i.HAL_GPIO_WritePin                      0x0800051a   Section        0  stm32g4xx_hal_gpio.o(i.HAL_GPIO_WritePin)
    i.HAL_GetTick                            0x08000524   Section        0  stm32g4xx_hal.o(i.HAL_GetTick)
    i.HAL_IncTick                            0x08000530   Section        0  stm32g4xx_hal.o(i.HAL_IncTick)
    i.HAL_Init                               0x08000540   Section        0  stm32g4xx_hal.o(i.HAL_Init)
    i.HAL_InitTick                           0x08000560   Section        0  stm32g4xx_hal.o(i.HAL_InitTick)
    i.HAL_MspInit                            0x080005a4   Section        0  stm32g4xx_hal_msp.o(i.HAL_MspInit)
    i.HAL_NVIC_SetPriority                   0x080005d4   Section        0  stm32g4xx_hal_cortex.o(i.HAL_NVIC_SetPriority)
    i.HAL_NVIC_SetPriorityGrouping           0x08000614   Section        0  stm32g4xx_hal_cortex.o(i.HAL_NVIC_SetPriorityGrouping)
    i.HAL_PWREx_ControlVoltageScaling        0x08000638   Section        0  stm32g4xx_hal_pwr_ex.o(i.HAL_PWREx_ControlVoltageScaling)
    i.HAL_PWREx_DisableUCPDDeadBattery       0x080006f4   Section        0  stm32g4xx_hal_pwr_ex.o(i.HAL_PWREx_DisableUCPDDeadBattery)
    i.HAL_RCC_ClockConfig                    0x08000704   Section        0  stm32g4xx_hal_rcc.o(i.HAL_RCC_ClockConfig)
    i.HAL_RCC_GetSysClockFreq                0x080008e0   Section        0  stm32g4xx_hal_rcc.o(i.HAL_RCC_GetSysClockFreq)
    i.HAL_RCC_OscConfig                      0x08000950   Section        0  stm32g4xx_hal_rcc.o(i.HAL_RCC_OscConfig)
    i.HAL_SYSTICK_Config                     0x08000d5c   Section        0  stm32g4xx_hal_cortex.o(i.HAL_SYSTICK_Config)
    i.HardFault_Handler                      0x08000d84   Section        0  stm32g4xx_it.o(i.HardFault_Handler)
    i.LCD_BusIn                              0x08000d88   Section        0  lcd.o(i.LCD_BusIn)
    i.LCD_BusOut                             0x08000db4   Section        0  lcd.o(i.LCD_BusOut)
    i.LCD_Clear                              0x08000de4   Section        0  lcd.o(i.LCD_Clear)
    i.LCD_CtrlLinesConfig                    0x08000e08   Section        0  lcd.o(i.LCD_CtrlLinesConfig)
    i.LCD_DisplayChar                        0x08000e98   Section        0  lcd.o(i.LCD_DisplayChar)
    i.LCD_DisplayStringLine                  0x08000eb0   Section        0  lcd.o(i.LCD_DisplayStringLine)
    i.LCD_DrawChar                           0x08000edc   Section        0  lcd.o(i.LCD_DrawChar)
    i.LCD_Init                               0x08000f34   Section        0  lcd.o(i.LCD_Init)
    i.LCD_ReadReg                            0x08000f68   Section        0  lcd.o(i.LCD_ReadReg)
    i.LCD_SetBackColor                       0x08000fe8   Section        0  lcd.o(i.LCD_SetBackColor)
    i.LCD_SetCursor                          0x08000ff8   Section        0  lcd.o(i.LCD_SetCursor)
    i.LCD_SetTextColor                       0x08001010   Section        0  lcd.o(i.LCD_SetTextColor)
    i.LCD_WriteRAM                           0x08001020   Section        0  lcd.o(i.LCD_WriteRAM)
    i.LCD_WriteRAM_Prepare                   0x08001080   Section        0  lcd.o(i.LCD_WriteRAM_Prepare)
    i.LCD_WriteReg                           0x080010e4   Section        0  lcd.o(i.LCD_WriteReg)
    i.LED_All_Off                            0x08001158   Section        0  led.o(i.LED_All_Off)
    i.LEDx_Tuggle                            0x08001174   Section        0  led.o(i.LEDx_Tuggle)
    i.Lock_off                               0x08001198   Section        0  led.o(i.Lock_off)
    i.Lock_on                                0x080011a8   Section        0  led.o(i.Lock_on)
    i.MX_GPIO_Init                           0x080011b8   Section        0  gpio.o(i.MX_GPIO_Init)
    i.MemManage_Handler                      0x0800128c   Section        0  stm32g4xx_it.o(i.MemManage_Handler)
    i.NMI_Handler                            0x0800128e   Section        0  stm32g4xx_it.o(i.NMI_Handler)
    i.PendSV_Handler                         0x08001290   Section        0  stm32g4xx_it.o(i.PendSV_Handler)
    i.REG_8230_Init                          0x08001292   Section        0  lcd.o(i.REG_8230_Init)
    i.REG_932X_Init                          0x080013a4   Section        0  lcd.o(i.REG_932X_Init)
    i.SVC_Handler                            0x080015a6   Section        0  stm32g4xx_it.o(i.SVC_Handler)
    i.SysTick_Handler                        0x080015a8   Section        0  stm32g4xx_it.o(i.SysTick_Handler)
    i.SystemClock_Config                     0x080015b6   Section        0  main.o(i.SystemClock_Config)
    i.SystemInit                             0x0800161c   Section        0  system_stm32g4xx.o(i.SystemInit)
    i.UsageFault_Handler                     0x08001638   Section        0  stm32g4xx_it.o(i.UsageFault_Handler)
    i.__NVIC_SetPriority                     0x0800163a   Section        0  stm32g4xx_hal_cortex.o(i.__NVIC_SetPriority)
    __NVIC_SetPriority                       0x0800163b   Thumb Code    32  stm32g4xx_hal_cortex.o(i.__NVIC_SetPriority)
    i.__scatterload_copy                     0x0800165a   Section       14  handlers.o(i.__scatterload_copy)
    i.__scatterload_null                     0x08001668   Section        2  handlers.o(i.__scatterload_null)
    i.__scatterload_zeroinit                 0x0800166a   Section       14  handlers.o(i.__scatterload_zeroinit)
    i.main                                   0x08001678   Section        0  main.o(i.main)
    i.press_hold                             0x080016d8   Section        0  key.o(i.press_hold)
    .constdata                               0x080016ec   Section     4560  lcd.o(.constdata)
    .constdata                               0x080028bc   Section       16  system_stm32g4xx.o(.constdata)
    .data                                    0x20000000   Section       52  key.o(.data)
    .data                                    0x20000034   Section        6  lcd.o(.data)
    TextColor                                0x20000034   Data           2  lcd.o(.data)
    BackColor                                0x20000036   Data           2  lcd.o(.data)
    .data                                    0x2000003c   Section       48  led.o(.data)
    .data                                    0x2000006c   Section       12  stm32g4xx_hal.o(.data)
    .data                                    0x20000078   Section        4  system_stm32g4xx.o(.data)
    STACK                                    0x20000080   Section     1024  startup_stm32g431xx.o(STACK)

    Global Symbols

    Symbol Name                              Value     Ov Type        Size  Object(Section)

    BuildAttributes$$THM_ISAv4$E$P$D$K$B$S$7EM$VFPi3$EXTD16$VFPS$VFMA$PE$A:L22UL41UL21$X:L11$S22US41US21$IEEE1$IW$USESV6$~STKCKD$USESV7$~SHL$OSPACE$EBA8$MICROLIB$REQ8$PRES8$EABIv2 0x00000000   Number         0  anon$$obj.o ABSOLUTE
    __ARM_use_no_argv                        0x00000000   Number         0  main.o ABSOLUTE
    __cpp_initialize__aeabi_                  - Undefined Weak Reference
    __cxa_finalize                            - Undefined Weak Reference
    __decompress                              - Undefined Weak Reference
    _clock_init                               - Undefined Weak Reference
    _microlib_exit                            - Undefined Weak Reference
    __Vectors_Size                           0x000001d8   Number         0  startup_stm32g431xx.o ABSOLUTE
    __Vectors                                0x08000000   Data           4  startup_stm32g431xx.o(RESET)
    __Vectors_End                            0x080001d8   Data           0  startup_stm32g431xx.o(RESET)
    __main                                   0x080001d9   Thumb Code     0  entry.o(.ARM.Collect$$$$00000000)
    _main_stk                                0x080001d9   Thumb Code     0  entry2.o(.ARM.Collect$$$$00000001)
    _main_scatterload                        0x080001dd   Thumb Code     0  entry5.o(.ARM.Collect$$$$00000004)
    __main_after_scatterload                 0x080001e1   Thumb Code     0  entry5.o(.ARM.Collect$$$$00000004)
    _main_clock                              0x080001e1   Thumb Code     0  entry7b.o(.ARM.Collect$$$$00000008)
    _main_cpp_init                           0x080001e1   Thumb Code     0  entry8b.o(.ARM.Collect$$$$0000000A)
    _main_init                               0x080001e1   Thumb Code     0  entry9a.o(.ARM.Collect$$$$0000000B)
    __rt_final_cpp                           0x080001e9   Thumb Code     0  entry10a.o(.ARM.Collect$$$$0000000D)
    __rt_final_exit                          0x080001e9   Thumb Code     0  entry11a.o(.ARM.Collect$$$$0000000F)
    Reset_Handler                            0x080001ed   Thumb Code     8  startup_stm32g431xx.o(.text)
    ADC1_2_IRQHandler                        0x08000207   Thumb Code     0  startup_stm32g431xx.o(.text)
    COMP1_2_3_IRQHandler                     0x08000207   Thumb Code     0  startup_stm32g431xx.o(.text)
    COMP4_IRQHandler                         0x08000207   Thumb Code     0  startup_stm32g431xx.o(.text)
    CORDIC_IRQHandler                        0x08000207   Thumb Code     0  startup_stm32g431xx.o(.text)
    CRS_IRQHandler                           0x08000207   Thumb Code     0  startup_stm32g431xx.o(.text)
    DMA1_Channel1_IRQHandler                 0x08000207   Thumb Code     0  startup_stm32g431xx.o(.text)
    DMA1_Channel2_IRQHandler                 0x08000207   Thumb Code     0  startup_stm32g431xx.o(.text)
    DMA1_Channel3_IRQHandler                 0x08000207   Thumb Code     0  startup_stm32g431xx.o(.text)
    DMA1_Channel4_IRQHandler                 0x08000207   Thumb Code     0  startup_stm32g431xx.o(.text)
    DMA1_Channel5_IRQHandler                 0x08000207   Thumb Code     0  startup_stm32g431xx.o(.text)
    DMA1_Channel6_IRQHandler                 0x08000207   Thumb Code     0  startup_stm32g431xx.o(.text)
    DMA2_Channel1_IRQHandler                 0x08000207   Thumb Code     0  startup_stm32g431xx.o(.text)
    DMA2_Channel2_IRQHandler                 0x08000207   Thumb Code     0  startup_stm32g431xx.o(.text)
    DMA2_Channel3_IRQHandler                 0x08000207   Thumb Code     0  startup_stm32g431xx.o(.text)
    DMA2_Channel4_IRQHandler                 0x08000207   Thumb Code     0  startup_stm32g431xx.o(.text)
    DMA2_Channel5_IRQHandler                 0x08000207   Thumb Code     0  startup_stm32g431xx.o(.text)
    DMA2_Channel6_IRQHandler                 0x08000207   Thumb Code     0  startup_stm32g431xx.o(.text)
    DMAMUX_OVR_IRQHandler                    0x08000207   Thumb Code     0  startup_stm32g431xx.o(.text)
    EXTI0_IRQHandler                         0x08000207   Thumb Code     0  startup_stm32g431xx.o(.text)
    EXTI15_10_IRQHandler                     0x08000207   Thumb Code     0  startup_stm32g431xx.o(.text)
    EXTI1_IRQHandler                         0x08000207   Thumb Code     0  startup_stm32g431xx.o(.text)
    EXTI2_IRQHandler                         0x08000207   Thumb Code     0  startup_stm32g431xx.o(.text)
    EXTI3_IRQHandler                         0x08000207   Thumb Code     0  startup_stm32g431xx.o(.text)
    EXTI4_IRQHandler                         0x08000207   Thumb Code     0  startup_stm32g431xx.o(.text)
    EXTI9_5_IRQHandler                       0x08000207   Thumb Code     0  startup_stm32g431xx.o(.text)
    FDCAN1_IT0_IRQHandler                    0x08000207   Thumb Code     0  startup_stm32g431xx.o(.text)
    FDCAN1_IT1_IRQHandler                    0x08000207   Thumb Code     0  startup_stm32g431xx.o(.text)
    FLASH_IRQHandler                         0x08000207   Thumb Code     0  startup_stm32g431xx.o(.text)
    FMAC_IRQHandler                          0x08000207   Thumb Code     0  startup_stm32g431xx.o(.text)
    FPU_IRQHandler                           0x08000207   Thumb Code     0  startup_stm32g431xx.o(.text)
    I2C1_ER_IRQHandler                       0x08000207   Thumb Code     0  startup_stm32g431xx.o(.text)
    I2C1_EV_IRQHandler                       0x08000207   Thumb Code     0  startup_stm32g431xx.o(.text)
    I2C2_ER_IRQHandler                       0x08000207   Thumb Code     0  startup_stm32g431xx.o(.text)
    I2C2_EV_IRQHandler                       0x08000207   Thumb Code     0  startup_stm32g431xx.o(.text)
    I2C3_ER_IRQHandler                       0x08000207   Thumb Code     0  startup_stm32g431xx.o(.text)
    I2C3_EV_IRQHandler                       0x08000207   Thumb Code     0  startup_stm32g431xx.o(.text)
    LPTIM1_IRQHandler                        0x08000207   Thumb Code     0  startup_stm32g431xx.o(.text)
    LPUART1_IRQHandler                       0x08000207   Thumb Code     0  startup_stm32g431xx.o(.text)
    PVD_PVM_IRQHandler                       0x08000207   Thumb Code     0  startup_stm32g431xx.o(.text)
    RCC_IRQHandler                           0x08000207   Thumb Code     0  startup_stm32g431xx.o(.text)
    RNG_IRQHandler                           0x08000207   Thumb Code     0  startup_stm32g431xx.o(.text)
    RTC_Alarm_IRQHandler                     0x08000207   Thumb Code     0  startup_stm32g431xx.o(.text)
    RTC_TAMP_LSECSS_IRQHandler               0x08000207   Thumb Code     0  startup_stm32g431xx.o(.text)
    RTC_WKUP_IRQHandler                      0x08000207   Thumb Code     0  startup_stm32g431xx.o(.text)
    SAI1_IRQHandler                          0x08000207   Thumb Code     0  startup_stm32g431xx.o(.text)
    SPI1_IRQHandler                          0x08000207   Thumb Code     0  startup_stm32g431xx.o(.text)
    SPI2_IRQHandler                          0x08000207   Thumb Code     0  startup_stm32g431xx.o(.text)
    SPI3_IRQHandler                          0x08000207   Thumb Code     0  startup_stm32g431xx.o(.text)
    TIM1_BRK_TIM15_IRQHandler                0x08000207   Thumb Code     0  startup_stm32g431xx.o(.text)
    TIM1_CC_IRQHandler                       0x08000207   Thumb Code     0  startup_stm32g431xx.o(.text)
    TIM1_TRG_COM_TIM17_IRQHandler            0x08000207   Thumb Code     0  startup_stm32g431xx.o(.text)
    TIM1_UP_TIM16_IRQHandler                 0x08000207   Thumb Code     0  startup_stm32g431xx.o(.text)
    TIM2_IRQHandler                          0x08000207   Thumb Code     0  startup_stm32g431xx.o(.text)
    TIM3_IRQHandler                          0x08000207   Thumb Code     0  startup_stm32g431xx.o(.text)
    TIM4_IRQHandler                          0x08000207   Thumb Code     0  startup_stm32g431xx.o(.text)
    TIM6_DAC_IRQHandler                      0x08000207   Thumb Code     0  startup_stm32g431xx.o(.text)
    TIM7_IRQHandler                          0x08000207   Thumb Code     0  startup_stm32g431xx.o(.text)
    TIM8_BRK_IRQHandler                      0x08000207   Thumb Code     0  startup_stm32g431xx.o(.text)
    TIM8_CC_IRQHandler                       0x08000207   Thumb Code     0  startup_stm32g431xx.o(.text)
    TIM8_TRG_COM_IRQHandler                  0x08000207   Thumb Code     0  startup_stm32g431xx.o(.text)
    TIM8_UP_IRQHandler                       0x08000207   Thumb Code     0  startup_stm32g431xx.o(.text)
    UART4_IRQHandler                         0x08000207   Thumb Code     0  startup_stm32g431xx.o(.text)
    UCPD1_IRQHandler                         0x08000207   Thumb Code     0  startup_stm32g431xx.o(.text)
    USART1_IRQHandler                        0x08000207   Thumb Code     0  startup_stm32g431xx.o(.text)
    USART2_IRQHandler                        0x08000207   Thumb Code     0  startup_stm32g431xx.o(.text)
    USART3_IRQHandler                        0x08000207   Thumb Code     0  startup_stm32g431xx.o(.text)
    USBWakeUp_IRQHandler                     0x08000207   Thumb Code     0  startup_stm32g431xx.o(.text)
    USB_HP_IRQHandler                        0x08000207   Thumb Code     0  startup_stm32g431xx.o(.text)
    USB_LP_IRQHandler                        0x08000207   Thumb Code     0  startup_stm32g431xx.o(.text)
    WWDG_IRQHandler                          0x08000207   Thumb Code     0  startup_stm32g431xx.o(.text)
    __aeabi_memset                           0x08000211   Thumb Code    14  memseta.o(.text)
    __aeabi_memset4                          0x08000211   Thumb Code     0  memseta.o(.text)
    __aeabi_memset8                          0x08000211   Thumb Code     0  memseta.o(.text)
    __aeabi_memclr                           0x0800021f   Thumb Code     4  memseta.o(.text)
    __aeabi_memclr4                          0x0800021f   Thumb Code     0  memseta.o(.text)
    __aeabi_memclr8                          0x0800021f   Thumb Code     0  memseta.o(.text)
    _memset$wrapper                          0x08000223   Thumb Code    18  memseta.o(.text)
    __scatterload                            0x08000235   Thumb Code    28  init.o(.text)
    __scatterload_rt2                        0x08000235   Thumb Code     0  init.o(.text)
    BusFault_Handler                         0x08000259   Thumb Code     2  stm32g4xx_it.o(i.BusFault_Handler)
    Check                                    0x0800025d   Thumb Code   130  key.o(i.Check)
    Check_All                                0x080002e5   Thumb Code    18  key.o(i.Check_All)
    DebugMon_Handler                         0x080002f7   Thumb Code     2  stm32g4xx_it.o(i.DebugMon_Handler)
    Delay_LCD                                0x080002f9   Thumb Code    28  lcd.o(i.Delay_LCD)
    HAL_Delay                                0x08000315   Thumb Code    32  stm32g4xx_hal.o(i.HAL_Delay)
    HAL_GPIO_Init                            0x08000339   Thumb Code   422  stm32g4xx_hal_gpio.o(i.HAL_GPIO_Init)
    HAL_GPIO_ReadPin                         0x08000501   Thumb Code    10  stm32g4xx_hal_gpio.o(i.HAL_GPIO_ReadPin)
    HAL_GPIO_TogglePin                       0x0800050b   Thumb Code    16  stm32g4xx_hal_gpio.o(i.HAL_GPIO_TogglePin)
    HAL_GPIO_WritePin                        0x0800051b   Thumb Code    10  stm32g4xx_hal_gpio.o(i.HAL_GPIO_WritePin)
    HAL_GetTick                              0x08000525   Thumb Code     6  stm32g4xx_hal.o(i.HAL_GetTick)
    HAL_IncTick                              0x08000531   Thumb Code    12  stm32g4xx_hal.o(i.HAL_IncTick)
    HAL_Init                                 0x08000541   Thumb Code    30  stm32g4xx_hal.o(i.HAL_Init)
    HAL_InitTick                             0x08000561   Thumb Code    58  stm32g4xx_hal.o(i.HAL_InitTick)
    HAL_MspInit                              0x080005a5   Thumb Code    42  stm32g4xx_hal_msp.o(i.HAL_MspInit)
    HAL_NVIC_SetPriority                     0x080005d5   Thumb Code    60  stm32g4xx_hal_cortex.o(i.HAL_NVIC_SetPriority)
    HAL_NVIC_SetPriorityGrouping             0x08000615   Thumb Code    26  stm32g4xx_hal_cortex.o(i.HAL_NVIC_SetPriorityGrouping)
    HAL_PWREx_ControlVoltageScaling          0x08000639   Thumb Code   174  stm32g4xx_hal_pwr_ex.o(i.HAL_PWREx_ControlVoltageScaling)
    HAL_PWREx_DisableUCPDDeadBattery         0x080006f5   Thumb Code    12  stm32g4xx_hal_pwr_ex.o(i.HAL_PWREx_DisableUCPDDeadBattery)
    HAL_RCC_ClockConfig                      0x08000705   Thumb Code   444  stm32g4xx_hal_rcc.o(i.HAL_RCC_ClockConfig)
    HAL_RCC_GetSysClockFreq                  0x080008e1   Thumb Code    98  stm32g4xx_hal_rcc.o(i.HAL_RCC_GetSysClockFreq)
    HAL_RCC_OscConfig                        0x08000951   Thumb Code  1036  stm32g4xx_hal_rcc.o(i.HAL_RCC_OscConfig)
    HAL_SYSTICK_Config                       0x08000d5d   Thumb Code    40  stm32g4xx_hal_cortex.o(i.HAL_SYSTICK_Config)
    HardFault_Handler                        0x08000d85   Thumb Code     2  stm32g4xx_it.o(i.HardFault_Handler)
    LCD_BusIn                                0x08000d89   Thumb Code    40  lcd.o(i.LCD_BusIn)
    LCD_BusOut                               0x08000db5   Thumb Code    42  lcd.o(i.LCD_BusOut)
    LCD_Clear                                0x08000de5   Thumb Code    36  lcd.o(i.LCD_Clear)
    LCD_CtrlLinesConfig                      0x08000e09   Thumb Code   136  lcd.o(i.LCD_CtrlLinesConfig)
    LCD_DisplayChar                          0x08000e99   Thumb Code    18  lcd.o(i.LCD_DisplayChar)
    LCD_DisplayStringLine                    0x08000eb1   Thumb Code    42  lcd.o(i.LCD_DisplayStringLine)
    LCD_DrawChar                             0x08000edd   Thumb Code    84  lcd.o(i.LCD_DrawChar)
    LCD_Init                                 0x08000f35   Thumb Code    46  lcd.o(i.LCD_Init)
    LCD_ReadReg                              0x08000f69   Thumb Code   120  lcd.o(i.LCD_ReadReg)
    LCD_SetBackColor                         0x08000fe9   Thumb Code    12  lcd.o(i.LCD_SetBackColor)
    LCD_SetCursor                            0x08000ff9   Thumb Code    24  lcd.o(i.LCD_SetCursor)
    LCD_SetTextColor                         0x08001011   Thumb Code    12  lcd.o(i.LCD_SetTextColor)
    LCD_WriteRAM                             0x08001021   Thumb Code    88  lcd.o(i.LCD_WriteRAM)
    LCD_WriteRAM_Prepare                     0x08001081   Thumb Code    90  lcd.o(i.LCD_WriteRAM_Prepare)
    LCD_WriteReg                             0x080010e5   Thumb Code   106  lcd.o(i.LCD_WriteReg)
    LED_All_Off                              0x08001159   Thumb Code    22  led.o(i.LED_All_Off)
    LEDx_Tuggle                              0x08001175   Thumb Code    32  led.o(i.LEDx_Tuggle)
    Lock_off                                 0x08001199   Thumb Code    10  led.o(i.Lock_off)
    Lock_on                                  0x080011a9   Thumb Code    10  led.o(i.Lock_on)
    MX_GPIO_Init                             0x080011b9   Thumb Code   196  gpio.o(i.MX_GPIO_Init)
    MemManage_Handler                        0x0800128d   Thumb Code     2  stm32g4xx_it.o(i.MemManage_Handler)
    NMI_Handler                              0x0800128f   Thumb Code     2  stm32g4xx_it.o(i.NMI_Handler)
    PendSV_Handler                           0x08001291   Thumb Code     2  stm32g4xx_it.o(i.PendSV_Handler)
    REG_8230_Init                            0x08001293   Thumb Code   274  lcd.o(i.REG_8230_Init)
    REG_932X_Init                            0x080013a5   Thumb Code   514  lcd.o(i.REG_932X_Init)
    SVC_Handler                              0x080015a7   Thumb Code     2  stm32g4xx_it.o(i.SVC_Handler)
    SysTick_Handler                          0x080015a9   Thumb Code    14  stm32g4xx_it.o(i.SysTick_Handler)
    SystemClock_Config                       0x080015b7   Thumb Code   102  main.o(i.SystemClock_Config)
    SystemInit                               0x0800161d   Thumb Code    22  system_stm32g4xx.o(i.SystemInit)
    UsageFault_Handler                       0x08001639   Thumb Code     2  stm32g4xx_it.o(i.UsageFault_Handler)
    __scatterload_copy                       0x0800165b   Thumb Code    14  handlers.o(i.__scatterload_copy)
    __scatterload_null                       0x08001669   Thumb Code     2  handlers.o(i.__scatterload_null)
    __scatterload_zeroinit                   0x0800166b   Thumb Code    14  handlers.o(i.__scatterload_zeroinit)
    main                                     0x08001679   Thumb Code    76  main.o(i.main)
    press_hold                               0x080016d9   Thumb Code    14  key.o(i.press_hold)
    ASCII_Table                              0x080016ec   Data        4560  lcd.o(.constdata)
    AHBPrescTable                            0x080028bc   Data          16  system_stm32g4xx.o(.constdata)
    Region$$Table$$Base                      0x080028cc   Number         0  anon$$obj.o(Region$$Table)
    Region$$Table$$Limit                     0x080028ec   Number         0  anon$$obj.o(Region$$Table)
    Key_Status                               0x20000000   Data           4  key.o(.data)
    Key_Pin                                  0x20000004   Data           8  key.o(.data)
    Key_filter                               0x2000000c   Data           8  key.o(.data)
    Key_cnt                                  0x20000014   Data           8  key.o(.data)
    Key_interval                             0x2000001c   Data           8  key.o(.data)
    Key_Port                                 0x20000024   Data          16  key.o(.data)
    dummy                                    0x20000038   Data           2  lcd.o(.data)
    LED_Pin                                  0x2000003c   Data          16  led.o(.data)
    LED_Port                                 0x2000004c   Data          32  led.o(.data)
    uwTickPrio                               0x2000006c   Data           4  stm32g4xx_hal.o(.data)
    uwTickFreq                               0x20000070   Data           4  stm32g4xx_hal.o(.data)
    uwTick                                   0x20000074   Data           4  stm32g4xx_hal.o(.data)
    SystemCoreClock                          0x20000078   Data           4  system_stm32g4xx.o(.data)
    __initial_sp                             0x20000480   Data           0  startup_stm32g431xx.o(STACK)



==============================================================================

Memory Map of the image

  Image Entry point : 0x080001d9

  Load Region LR_IROM1 (Base: 0x08000000, Size: 0x00002968, Max: 0x00020000, ABSOLUTE)

    Execution Region ER_IROM1 (Exec base: 0x08000000, Load base: 0x08000000, Size: 0x000028ec, Max: 0x00020000, ABSOLUTE)

    Exec Addr    Load Addr    Size         Type   Attr      Idx    E Section Name        Object

    0x08000000   0x08000000   0x000001d8   Data   RO            3    RESET               startup_stm32g431xx.o
    0x080001d8   0x080001d8   0x00000000   Code   RO         2130  * .ARM.Collect$$$$00000000  mc_w.l(entry.o)
    0x080001d8   0x080001d8   0x00000004   Code   RO         2135    .ARM.Collect$$$$00000001  mc_w.l(entry2.o)
    0x080001dc   0x080001dc   0x00000004   Code   RO         2138    .ARM.Collect$$$$00000004  mc_w.l(entry5.o)
    0x080001e0   0x080001e0   0x00000000   Code   RO         2140    .ARM.Collect$$$$00000008  mc_w.l(entry7b.o)
    0x080001e0   0x080001e0   0x00000000   Code   RO         2142    .ARM.Collect$$$$0000000A  mc_w.l(entry8b.o)
    0x080001e0   0x080001e0   0x00000008   Code   RO         2143    .ARM.Collect$$$$0000000B  mc_w.l(entry9a.o)
    0x080001e8   0x080001e8   0x00000000   Code   RO         2145    .ARM.Collect$$$$0000000D  mc_w.l(entry10a.o)
    0x080001e8   0x080001e8   0x00000000   Code   RO         2147    .ARM.Collect$$$$0000000F  mc_w.l(entry11a.o)
    0x080001e8   0x080001e8   0x00000004   Code   RO         2136    .ARM.Collect$$$$00002712  mc_w.l(entry2.o)
    0x080001ec   0x080001ec   0x00000024   Code   RO            4    .text               startup_stm32g431xx.o
    0x08000210   0x08000210   0x00000024   Code   RO         2133    .text               mc_w.l(memseta.o)
    0x08000234   0x08000234   0x00000024   Code   RO         2149    .text               mc_w.l(init.o)
    0x08000258   0x08000258   0x00000002   Code   RO          485    i.BusFault_Handler  stm32g4xx_it.o
    0x0800025a   0x0800025a   0x00000002   PAD
    0x0800025c   0x0800025c   0x00000088   Code   RO           13    i.Check             key.o
    0x080002e4   0x080002e4   0x00000012   Code   RO           14    i.Check_All         key.o
    0x080002f6   0x080002f6   0x00000002   Code   RO          486    i.DebugMon_Handler  stm32g4xx_it.o
    0x080002f8   0x080002f8   0x0000001c   Code   RO          150    i.Delay_LCD         lcd.o
    0x08000314   0x08000314   0x00000024   Code   RO          867    i.HAL_Delay         stm32g4xx_hal.o
    0x08000338   0x08000338   0x000001c8   Code   RO         1558    i.HAL_GPIO_Init     stm32g4xx_hal_gpio.o
    0x08000500   0x08000500   0x0000000a   Code   RO         1560    i.HAL_GPIO_ReadPin  stm32g4xx_hal_gpio.o
    0x0800050a   0x0800050a   0x00000010   Code   RO         1561    i.HAL_GPIO_TogglePin  stm32g4xx_hal_gpio.o
    0x0800051a   0x0800051a   0x0000000a   Code   RO         1562    i.HAL_GPIO_WritePin  stm32g4xx_hal_gpio.o
    0x08000524   0x08000524   0x0000000c   Code   RO          871    i.HAL_GetTick       stm32g4xx_hal.o
    0x08000530   0x08000530   0x00000010   Code   RO          874    i.HAL_IncTick       stm32g4xx_hal.o
    0x08000540   0x08000540   0x0000001e   Code   RO          875    i.HAL_Init          stm32g4xx_hal.o
    0x0800055e   0x0800055e   0x00000002   PAD
    0x08000560   0x08000560   0x00000044   Code   RO          876    i.HAL_InitTick      stm32g4xx_hal.o
    0x080005a4   0x080005a4   0x00000030   Code   RO          560    i.HAL_MspInit       stm32g4xx_hal_msp.o
    0x080005d4   0x080005d4   0x00000040   Code   RO         1971    i.HAL_NVIC_SetPriority  stm32g4xx_hal_cortex.o
    0x08000614   0x08000614   0x00000024   Code   RO         1972    i.HAL_NVIC_SetPriorityGrouping  stm32g4xx_hal_cortex.o
    0x08000638   0x08000638   0x000000bc   Code   RO          621    i.HAL_PWREx_ControlVoltageScaling  stm32g4xx_hal_pwr_ex.o
    0x080006f4   0x080006f4   0x00000010   Code   RO          633    i.HAL_PWREx_DisableUCPDDeadBattery  stm32g4xx_hal_pwr_ex.o
    0x08000704   0x08000704   0x000001dc   Code   RO         1095    i.HAL_RCC_ClockConfig  stm32g4xx_hal_rcc.o
    0x080008e0   0x080008e0   0x00000070   Code   RO         1105    i.HAL_RCC_GetSysClockFreq  stm32g4xx_hal_rcc.o
    0x08000950   0x08000950   0x0000040c   Code   RO         1108    i.HAL_RCC_OscConfig  stm32g4xx_hal_rcc.o
    0x08000d5c   0x08000d5c   0x00000028   Code   RO         1976    i.HAL_SYSTICK_Config  stm32g4xx_hal_cortex.o
    0x08000d84   0x08000d84   0x00000002   Code   RO          487    i.HardFault_Handler  stm32g4xx_it.o
    0x08000d86   0x08000d86   0x00000002   PAD
    0x08000d88   0x08000d88   0x0000002c   Code   RO          151    i.LCD_BusIn         lcd.o
    0x08000db4   0x08000db4   0x00000030   Code   RO          152    i.LCD_BusOut        lcd.o
    0x08000de4   0x08000de4   0x00000024   Code   RO          153    i.LCD_Clear         lcd.o
    0x08000e08   0x08000e08   0x00000090   Code   RO          155    i.LCD_CtrlLinesConfig  lcd.o
    0x08000e98   0x08000e98   0x00000018   Code   RO          156    i.LCD_DisplayChar   lcd.o
    0x08000eb0   0x08000eb0   0x0000002a   Code   RO          159    i.LCD_DisplayStringLine  lcd.o
    0x08000eda   0x08000eda   0x00000002   PAD
    0x08000edc   0x08000edc   0x00000058   Code   RO          160    i.LCD_DrawChar      lcd.o
    0x08000f34   0x08000f34   0x00000034   Code   RO          166    i.LCD_Init          lcd.o
    0x08000f68   0x08000f68   0x00000080   Code   RO          169    i.LCD_ReadReg       lcd.o
    0x08000fe8   0x08000fe8   0x00000010   Code   RO          170    i.LCD_SetBackColor  lcd.o
    0x08000ff8   0x08000ff8   0x00000018   Code   RO          171    i.LCD_SetCursor     lcd.o
    0x08001010   0x08001010   0x00000010   Code   RO          173    i.LCD_SetTextColor  lcd.o
    0x08001020   0x08001020   0x00000060   Code   RO          176    i.LCD_WriteRAM      lcd.o
    0x08001080   0x08001080   0x00000064   Code   RO          177    i.LCD_WriteRAM_Prepare  lcd.o
    0x080010e4   0x080010e4   0x00000074   Code   RO          178    i.LCD_WriteReg      lcd.o
    0x08001158   0x08001158   0x0000001c   Code   RO          359    i.LED_All_Off       led.o
    0x08001174   0x08001174   0x00000024   Code   RO          362    i.LEDx_Tuggle       led.o
    0x08001198   0x08001198   0x00000010   Code   RO          363    i.Lock_off          led.o
    0x080011a8   0x080011a8   0x00000010   Code   RO          364    i.Lock_on           led.o
    0x080011b8   0x080011b8   0x000000d4   Code   RO          461    i.MX_GPIO_Init      gpio.o
    0x0800128c   0x0800128c   0x00000002   Code   RO          488    i.MemManage_Handler  stm32g4xx_it.o
    0x0800128e   0x0800128e   0x00000002   Code   RO          489    i.NMI_Handler       stm32g4xx_it.o
    0x08001290   0x08001290   0x00000002   Code   RO          490    i.PendSV_Handler    stm32g4xx_it.o
    0x08001292   0x08001292   0x00000112   Code   RO          179    i.REG_8230_Init     lcd.o
    0x080013a4   0x080013a4   0x00000202   Code   RO          180    i.REG_932X_Init     lcd.o
    0x080015a6   0x080015a6   0x00000002   Code   RO          491    i.SVC_Handler       stm32g4xx_it.o
    0x080015a8   0x080015a8   0x0000000e   Code   RO          492    i.SysTick_Handler   stm32g4xx_it.o
    0x080015b6   0x080015b6   0x00000066   Code   RO          419    i.SystemClock_Config  main.o
    0x0800161c   0x0800161c   0x0000001c   Code   RO         2096    i.SystemInit        system_stm32g4xx.o
    0x08001638   0x08001638   0x00000002   Code   RO          493    i.UsageFault_Handler  stm32g4xx_it.o
    0x0800163a   0x0800163a   0x00000020   Code   RO         1978    i.__NVIC_SetPriority  stm32g4xx_hal_cortex.o
    0x0800165a   0x0800165a   0x0000000e   Code   RO         2153    i.__scatterload_copy  mc_w.l(handlers.o)
    0x08001668   0x08001668   0x00000002   Code   RO         2154    i.__scatterload_null  mc_w.l(handlers.o)
    0x0800166a   0x0800166a   0x0000000e   Code   RO         2155    i.__scatterload_zeroinit  mc_w.l(handlers.o)
    0x08001678   0x08001678   0x00000060   Code   RO          420    i.main              main.o
    0x080016d8   0x080016d8   0x00000014   Code   RO           15    i.press_hold        key.o
    0x080016ec   0x080016ec   0x000011d0   Data   RO          181    .constdata          lcd.o
    0x080028bc   0x080028bc   0x00000010   Data   RO         2097    .constdata          system_stm32g4xx.o
    0x080028cc   0x080028cc   0x00000020   Data   RO         2151    Region$$Table       anon$$obj.o


    Execution Region RW_IRAM1 (Exec base: 0x20000000, Load base: 0x080028ec, Size: 0x00000480, Max: 0x00008000, ABSOLUTE)

    Exec Addr    Load Addr    Size         Type   Attr      Idx    E Section Name        Object

    0x20000000   0x080028ec   0x00000034   Data   RW           17    .data               key.o
    0x20000034   0x08002920   0x00000006   Data   RW          182    .data               lcd.o
    0x2000003a   0x08002926   0x00000002   PAD
    0x2000003c   0x08002928   0x00000030   Data   RW          365    .data               led.o
    0x2000006c   0x08002958   0x0000000c   Data   RW          895    .data               stm32g4xx_hal.o
    0x20000078   0x08002964   0x00000004   Data   RW         2099    .data               system_stm32g4xx.o
    0x2000007c   0x08002968   0x00000004   PAD
    0x20000080        -       0x00000400   Zero   RW            1    STACK               startup_stm32g431xx.o


==============================================================================

Image component sizes


      Code (inc. data)   RO Data    RW Data    ZI Data      Debug   Object Name

       212         16          0          0          0       1031   gpio.o
       174         12          0         52          0     528411   key.o
      1790         78       4560          6          0      13706   lcd.o
        96         22          0         48          0       2434   led.o
       198         20          0          0          0       1604   main.o
        36          8        472          0       1024        840   startup_stm32g431xx.o
       162         24          0         12          0       4361   stm32g4xx_hal.o
       172         14          0          0          0      33174   stm32g4xx_hal_cortex.o
       492         34          0          0          0       3776   stm32g4xx_hal_gpio.o
        48          6          0          0          0        874   stm32g4xx_hal_msp.o
       204         18          0          0          0       1417   stm32g4xx_hal_pwr_ex.o
      1624         68          0          0          0       4810   stm32g4xx_hal_rcc.o
        30          0          0          0          0       4274   stm32g4xx_it.o
        28          6         16          4          0       1179   system_stm32g4xx.o

    ----------------------------------------------------------------------
      5274        326       5080        124       1028     601891   Object Totals
         0          0         32          0          0          0   (incl. Generated)
         8          0          0          2          4          0   (incl. Padding)

    ----------------------------------------------------------------------

      Code (inc. data)   RO Data    RW Data    ZI Data      Debug   Library Member Name

         0          0          0          0          0          0   entry.o
         0          0          0          0          0          0   entry10a.o
         0          0          0          0          0          0   entry11a.o
         8          4          0          0          0          0   entry2.o
         4          0          0          0          0          0   entry5.o
         0          0          0          0          0          0   entry7b.o
         0          0          0          0          0          0   entry8b.o
         8          4          0          0          0          0   entry9a.o
        30          0          0          0          0          0   handlers.o
        36          8          0          0          0         68   init.o
        36          0          0          0          0        108   memseta.o

    ----------------------------------------------------------------------
       122         16          0          0          0        176   Library Totals
         0          0          0          0          0          0   (incl. Padding)

    ----------------------------------------------------------------------

      Code (inc. data)   RO Data    RW Data    ZI Data      Debug   Library Name

       122         16          0          0          0        176   mc_w.l

    ----------------------------------------------------------------------
       122         16          0          0          0        176   Library Totals

    ----------------------------------------------------------------------

==============================================================================


      Code (inc. data)   RO Data    RW Data    ZI Data      Debug   

      5396        342       5080        124       1028     597271   Grand Totals
      5396        342       5080        124       1028     597271   ELF Image Totals
      5396        342       5080        124          0          0   ROM Totals

==============================================================================

    Total RO  Size (Code + RO Data)                10476 (  10.23kB)
    Total RW  Size (RW Data + ZI Data)              1152 (   1.13kB)
    Total ROM Size (Code + RO Data + RW Data)      10600 (  10.35kB)

==============================================================================

